U2FsdGVkX18TrSLuiOpjiAdq9VzCOAq7XU9vaVfgCk1jLGrGcTPkFtzBr6uucFy3
OkjpOvGC2SykdVLF8Y02UphKq1YXzssnS0u1YCXkrZPaW45TXj4oHZEEy5826rcF
2luOU14+KB2RBMufNuq3BdpbjlNePigdkQTLnzbqtwXaW45TXj4oHZEEy5826rcF
8Q3jjkd7V+OwGXgyE+6MmLOGuhmyGY8TQXTQrxbr/h9MKgoVKhY824jMPK5Jlp5m
z1VAVLpUIXT3zFpff02Kjtgh7pd2Eg1A+gNKaV8Jp3hcFcjs9O7s+uLUAizvlQq4
rS3nhDTwcrwctoDuXrcA6U87MEcn2KvlPCu7AS7+LenpaHbdWZCGMvTWxJjqHxqX
S4g9+P43psECyO4Oc3ky4NWFV2Pf8bhIwQbOy/KocqPVHfjQYlfAmH90KraIsMUV
D6DUhbj2cgsjlyMTmL77JcPfqQA6A4fcJBtDLJsKoLXStbb7nQkX0FpXCc/Fym8F
6nKDSbN4amVputR2oj7cKQcHA6O7UpOb0CViyFQ87IacCG2BPISywstNgn1Voni3
YIGqm4XagLgH3f/FeLmnoldeeNclukM7tFZoYTSEnbipXCitzmRBl6ZTPVW6lrGq
SXcBtdOW6b6F4X4jwxvuWFRIvSMzmDf+dOg8ZBgn3qQaQBe3nRI9BHXMYL8KGvkV
5OBbVYZ0jyVFFt/OBfEC6X6sWpAnRECrLpynyxuknauabU8Zc0h7sxWKXyvMbbME
2Ej8wjDvojw7y2Va2tjFXynI4V2u1FYJJOzHK70pP2hSIZK8X0qAmVw+L61g2qgK
9fdAcPKA4b/8vm3YrQvy2FEdq9GiH0jIdG9VMiC+tgW0NWWozhhMlWaOS1mDfrX5
4Eoo8ygEDWoO60W9dD/pSzqMjAnlb3Hynt9ZN12CQRoyis3hkaT9tEl99lJ5ks1K
sECTzDOroOH1TTacEiA9qa2mqkSQZ1ksb5mKwXBjg3IWMt9Epa33qP6SJH2J70UX
4jppSr28aaIElOB43fdmL3ROyXT5Gi49pCRftPv+8zcaQBe3nRI9BHXMYL8KGvkV
5OBbVYZ0jyVFFt/OBfEC6X6sWpAnRECrLpynyxuknauabU8Zc0h7sxWKXyvMbbME
2Ej8wjDvojw7y2Va2tjFX8eDFUr3BcfYkeiuBH+2BtJSIZK8X0qAmVw+L61g2qgK
moPM7t6f1bo17sqhKdc4l1Edq9GiH0jIdG9VMiC+tgW0NWWozhhMlWaOS1mDfrX5
J6cDFaUP33wdSYNyIa24cfnL1bOcY3WQZ9BOPuvECWNX1wzSPDd1Z7yx6AnfVK4A
TRMsgg5vImjZB8rg3gbw762mqkSQZ1ksb5mKwXBjg3IWMt9Epa33qP6SJH2J70UX
fzBerliSmRgRf/U9hZDepIF1LixGP02A3ogprSXaJ2XD6vtUehTfClWpag5G26cw
uLV/yLfx6Awlje2ihx65ZKq9d5hhCi/pVmg+qLlILv1JdwG105bpvoXhfiPDG+5Y
+skVYXmKiu2Vqst8uAZlDF0rHLG8VcKF6YzEjvw5xV1g5HL7KDb2YTU1Jc52zGOf
izeHRKixJ9cpL2JvjkOT/zZHA8I2YcOZX4yFEQBEiJXHlDeJYkNjHg1WuXd4jINl
Fv+GQavhBISH3VLt5GUdq1PBcyVONzdac6NS4WwzAh0aEzRrGSKUzRZLFRN3BOqW
D0JZDqRXEBs6LxHjpsBQOuwLzDZDYAmr2Wzp46NKxDhgkrQPEUdyzCQMhDI+XRgu
ZeE0dYk3V7OKw+lX+65qN8jGhvjd9SC+FhBKN13zehNgXq9yi2yyLzjQ3dnlmVcS
dF/xAjKKkR9vG8VEvz+8SLj3wheznRjGCOmDrnlNe+OBYP3e1b2WN9CPwm/3qF4y
UeiBMCNn7UHin8Usn+fLEOmzjBn/eohs2IyvItJo85L/xGwKwsmmldSMwzSiVbsR
WOq1bMQR+vmARQME4EFBkDRkhkCr/TVwR3iFzupw2t1JdwG105bpvoXhfiPDG+5Y
9FVnwbSycV6UbfDGj46G9xpAF7edEj0Edcxgvwoa+RW9TDbCwhZUCPP6IjE32qSj
WoHbUqHmKwfI8mi82Dl5Q5ptTxlzSHuzFYpfK8xtswTYSPzCMO+iPDvLZVra2MVf
RDXYRjsZ8jbirnu6QKPWP1IhkrxfSoCZXD4vrWDaqAq7Y+9Alfr4PG+W+gHY2OhW
UR2r0aIfSMh0b1UyIL62BbQ1ZajOGEyVZo5LWYN+tflC4U2Vjv1AcYe2A/2PUMXy
Ka+owwBeMIpeO72ThWYjH7ktnG2HhxTX55y5r5SuF69NEyyCDm8iaNkHyuDeBvDv
raaqRJBnWSxvmYrBcGODchYy30Slrfeo/pIkfYnvRRf1gTWOYNAPZEF8YmYDYoNo
gXUuLEY/TYDeiCmtJdonZTrDTrXJr8IdnaJmPOBA132/gu4fTLN3Ovqrxn86ecNi
qr13mGEKL+lWaD6ouUgu/Ul3AbXTlum+heF+I8Mb7ljU3MnOOfKjRVxImdODcXhD
XSscsbxVwoXpjMSO/DnFXQPnVUlPcusbpclEm44Jw/KLN4dEqLEn1ykvYm+OQ5P/
NkcDwjZhw5lfjIURAESIlQYZq7ckkq76iVk6hRxtJGMPr2aiwRuCdVgEaWRu2jUc
zle+CrYEFBJgoSmF3otwXM/kKghssERkS6qwAzjqdiY++O0ypZ1m0U2/dtzsjCUs
RN1V6RFp0j0J8/Dk63wSXBYy30Slrfeo/pIkfYnvRRfiOmlKvbxpogSU4Hjd92Yv
0Haxq4lNDJrgcH3A0COjAxpAF7edEj0Edcxgvwoa+RXTWI92/+4XXuuhXIrG9OtW
iMBuJolMODOKrAaFFfRAYAIQjMEVfhfi9qi/sIBeMJ5tuU83p+HAf/uOl4fJoZLY
XteaqQz0c1D+SONi90mibMbIdFlG/lrFDcGGZ5jBj7YPoNSFuPZyCyOXIxOYvvsl
dzDTFXHPCE7/knGsRrw2F9K1tvudCRfQWlcJz8XKbwXqcoNJs3hqZWm61HaiPtwp
GunhTC4Lh+SEFrJ2X1tM5ty9HSdHr09snmO6SkNN+YpRIk2f4FBz4JohKayRrReG
0yGtlaqmH3ovu2mCFQGBy2ERHM3/Glr6cSDhtEZKpJoD4MWjVaJ2F7DWDRVjXZLz
OdFKajfH4RSQ2E+HDTCBSYJ8JveKyGP3oALKe8SaVP4xKkucs4zQwPFmlmtu+km5
uLV/yLfx6Awlje2ihx65ZKq9d5hhCi/pVmg+qLlILv1JdwG105bpvoXhfiPDG+5Y
AJOEBOnU2kbUJMQDwGTcA10rHLG8VcKF6YzEjvw5xV04tSfnvzHF2g438I2+rDsV
NGSGQKv9NXBHeIXO6nDa3Ul3AbXTlum+heF+I8Mb7lgSxQHlXRQxj71AciVy9Fvq
GkAXt50SPQR1zGC/Chr5Feb4QkbqUtSLfiSELNRG42q7qC6M6c97GmJK2eIx42HS
RkYZFwQh/SWfYwtunMvqA6m9oueetKCyOHq2Jr2lIcE2v236NpyaC0SL5oLcGXhM
OY55BThxwX1WrqVLjt9pU3mtCSYbRihjy9ZxT47ZexMeaH+OlYE+vkbregt+XdzT
KvCTm8AlwdtxJ4OFctj1E+Yq8qyzEOu6x1bgPz1UgyD/YiduK02EcdTnTU6nkTQm
jyMG92wwzHdDQbv9+weQeU5oYyDF7sd2pY096CLBApURBnyRvvBgFZsmQp5WY9O2
O3mbVz9FCBFEz3gJIN1jLUZtWELTpB77nf3V5W8ZwuUPoNSFuPZyCyOXIxOYvvsl
Yppy3WJCDsinAtR2iAY95NK1tvudCRfQWlcJz8XKbwXqcoNJs3hqZWm61HaiPtwp
jWJq5CiIftRYkk41AXXbJumzjBn/eohs2IyvItJo85IZs0iUjiOpul6phCyWKIP+
WOq1bMQR+vmARQME4EFBkDRkhkCr/TVwR3iFzupw2t1JdwG105bpvoXhfiPDG+5Y
oKfaRgBu7wmFWqkXgtd6LBpAF7edEj0Edcxgvwoa+RU59FdqnmpfiG+/U+VViNKh
mVjRz4McM7dTQXeMzSzsMZptTxlzSHuzFYpfK8xtswTYSPzCMO+iPDvLZVra2MVf
dSLneGOUNBqCK36d72qir1IhkrxfSoCZXD4vrWDaqAoTK+W8JUeNHolSHgdPEQ4f
UR2r0aIfSMh0b1UyIL62BbQ1ZajOGEyVZo5LWYN+tfnv7IAQuQZ0jKucBazdrhKo
sCtpPk8rrGXtzI0OvTF7xGIhvjmrzLI5VuzwwYynYDXo6oGE1SYBZNVMkF0DhdMw
raaqRJBnWSxvmYrBcGODchYy30Slrfeo/pIkfYnvRRdsQZRNM5RrzdroWNgGxBu+
gXUuLEY/TYDeiCmtJdonZcPq+1R6FN8KValqDkbbpzC4tX/It/HoDCWN7aKHHrlk
qr13mGEKL+lWaD6ouUgu/Ul3AbXTlum+heF+I8Mb7liJIMolPYU5nPqp0JKVj8sG
XSscsbxVwoXpjMSO/DnFXWDkcvsoNvZhNTUlznbMY5+LN4dEqLEn1ykvYm+OQ5P/
NkcDwjZhw5lfjIURAESIlYd1d80oGoM+pSE5X9ZAjJSkrm3OrU2daZ9k25nND3S0
GZF4pH0F8X0knGtMsv+DnxoTNGsZIpTNFksVE3cE6pYPQlkOpFcQGzovEeOmwFA6
7AvMNkNgCavZbOnjo0rEOFOhF9MgHXPC93xbrqOkNpqTvlvutasUc+ef2gz0L8yt
PCc9zKLpY6dy7zO8uwzwdBuK6lpHZ0k8Ktj9jUR5Vny5b+n+xDMM483afBbbEeys
29bzpouLw953Lgn9COVFT2lZ2wniQUpV0M4tqMr1lZvi39Jnkj6wafmxxSFczoFs
/Kk+eLJnXUduYoHukfOM9bdaV9S8HBOEE0UwRb8glaAD4MWjVaJ2F7DWDRVjXZLz
bDESW+HdlG4a+P/3G5PFccyBjRTIx5YCsspnrYdx3oTOL/mywwmTDnllxz9ehxAv
7+VGbhJSeThBIolOEv9esqUXnDsDC/64tJOO/sSqwHnMiAv5N2RRJHh6mMw4pzXS
BUJZ8r0MJ1ZtnDMcHjAR30IzwE5E7Gm8ypPD7JQUNCwBj/BjV5QIcqu6QtRZuEiK
O9wUffbiOFCBVnHiNv/j105oYyDF7sd2pY096CLBApURBnyRvvBgFZsmQp5WY9O2
L8XrrXtu/F2m1gUREoGpPANGfHA2eHP0STmFR6zwyajh4xryCV0bjfKD3q9ihez1
mO823x6WxAtpdtTABuXwC00TLIIObyJo2QfK4N4G8O+tpqpEkGdZLG+ZisFwY4Ny
FjLfRKWt96j+kiR9ie9FF1ubcOqSUZCbOXTfRHvbwDtexMz81FzYdvxBonEqTdpS
4t/SZ5I+sGn5scUhXM6BbM8B8pDZAoDuFEqWhheZVMi2QUsUouh5YaxKjjEvT7H1
A+DFo1Widhew1g0VY12S82gcojrQx1QK0sLFjiisd/3GC4IvQ49/BtJ+TjywRyGc
ifCQ8PuQLqRnfQVE+3gBP1DZjgKPlbKV0N+gXrGyXmOlF5w7Awv+uLSTjv7EqsB5
zIgL+TdkUSR4epjMOKc10pU7VGMpFJfAMBIOZtdvV4vcMv33oLLzYVMMXzAnFTXp
5LNSiWgo4BROgVY81Ljzm8x9Afrj1zLp6muBhHtdnVeG45vdVbz323jLyyzuMFWX
LiJvibxuwL6A+rBOt0b/aERRiakMVaagWQLL3XDukfPUsyIniCCjre7+LEs68Ar7
tHLFvXsMp5gKE9oEs/3kChpAF7edEj0Edcxgvwoa+RWPwdZql2on873F1zHrYXSP
AVFTs2MgCh88QvUF4zHXyZptTxlzSHuzFYpfK8xtswRtuU83p+HAf/uOl4fJoZLY
69BNkZ16Ej7Va6BI0D5BWuDhUgvtRe1sVeuWDVYCYtkiPPDYiISyWTgRVoA6D4D4
4t/SZ5I+sGn5scUhXM6BbLZZz1gccqFjnyzmxSs8ZqW3WlfUvBwThBNFMEW/IJWg
A+DFo1Widhew1g0VY12S81gI8hakrJ39V9yJomLMPvbjCVeVpaU2MkCIyWG+RNK/
dyXLdZ+QuOv4PoAkwXPEf+/lRm4SUnk4QSKJThL/XrKlF5w7Awv+uLSTjv7EqsB5
zIgL+TdkUSR4epjMOKc10oi2CHM2+NubnEHwK5SMNk7cMv33oLLzYVMMXzAnFTXp
+D/cgSgVTRQnc2Gk7/tSPD/1SmnVm1t6JYPLfKSpMDxpZoP4cRAjc8AhJQyG0Uw3
LiJvibxuwL6A+rBOt0b/aEnSqIF5SYiCzOe85L8N3eTIxob43fUgvhYQSjdd83oT
OlFNnryPGAO+6W7jXA6pq3Rf8QIyipEfbxvFRL8/vEi498IXs50Yxgjpg655TXvj
U/qzBzGW5okhF/pVMMkdgHd1f1ULCrYWtgfUbLsT6zgcG5zyPujB2Vez2kHtFWOv
aMM0u4rjteoU4VYJyI7y9BoTNGsZIpTNFksVE3cE6pYPQlkOpFcQGzovEeOmwFA6
7AvMNkNgCavZbOnjo0rEOCUMm9Zzxq/DuOUEW8KKJh+TvlvutasUc+ef2gz0L8yt
Q3+ci8C6jYUTKfHhI2sjLhuK6lpHZ0k8Ktj9jUR5Vny5b+n+xDMM483afBbbEeys
29bzpouLw953Lgn9COVFT97pQ4MqKOkQGFBkGynbvsbi39Jnkj6wafmxxSFczoFs
luPeZCZVOOOnWiiB4yiMwbdaV9S8HBOEE0UwRb8glaAD4MWjVaJ2F7DWDRVjXZLz
S2y9qtifUcplx1Lslk8O4njpffiNYDZTs9/g/2M8r72lUDghpvGTC33KYFLJkZvZ
uLV/yLfx6Awlje2ihx65ZKq9d5hhCi/pVmg+qLlILv3TdFCoYPTUtIP+vtrQYNTz
3N+dUbq37WsI8Lj7rqmu6bWgYNUbeyZI+4DsRL23CmcBj/BjV5QIcqu6QtRZuEiK
gFx4GWPjTGeOt3uPMCdu8U5oYyDF7sd2pY096CLBApURBnyRvvBgFZsmQp5WY9O2
MOp9Jhv9o5RW9VwLoPGKqTwI8zNda3rdnofDdIWgyKUPoNSFuPZyCyOXIxOYvvsl
JqRidYSDeUBwm5PzPAaixdK1tvudCRfQWlcJz8XKbwXqcoNJs3hqZWm61HaiPtwp
fj0lrCbaXmf6joEtZUp3femzjBn/eohs2IyvItJo85IRLnUWz7ib7Sh4P1vHzFPs
WOq1bMQR+vmARQME4EFBkDRkhkCr/TVwR3iFzupw2t1JdwG105bpvoXhfiPDG+5Y
rWwDV/AOUhDyyK5JPv0ihBpAF7edEj0Edcxgvwoa+RUkM/5BQOmBZwyGgqRjz4If
mVjRz4McM7dTQXeMzSzsMZptTxlzSHuzFYpfK8xtswTYSPzCMO+iPDvLZVra2MVf
/Cl1twiw8yrlEAE3CwP3F2Ub4VMEVX8PDQA5g0NwI6R5rQkmG0YoY8vWcU+O2XsT
Hmh/jpWBPr5G63oLfl3c0yrwk5vAJcHbcSeDhXLY9ROnGT0VmXNZeY1lh6R45t+B
kLaZ++CVqGkhMaxRku6jolrYYhhTvly/Kc1+OMkfnVOlF5w7Awv+uLSTjv7EqsB5
zIgL+TdkUSR4epjMOKc10ulifPE7ivls4GxbDAawzQfChU2LyGDJ3IY2AqaPvut1
Y7RUbue7OHe+Ow1CuYMaCYs3h0SosSfXKS9ib45Dk/82RwPCNmHDmV+MhREARIiV
T/Z9FfqrWUxdMhP1ruksxt73Fqth2Y+ooENUoMle+n9GviyaQvHRm5zakORGU2BW
mVjRz4McM7dTQXeMzSzsMZptTxlzSHuzFYpfK8xtswTYSPzCMO+iPDvLZVra2MVf
fTrXEwOrYmxh57Jt2csH/CigO4q0Y8cwT+QuKATsOIZ5rQkmG0YoY8vWcU+O2XsT
Hmh/jpWBPr5G63oLfl3c0yrwk5vAJcHbcSeDhXLY9RPUIybJSU7glcxCF56qmmPT
kLaZ++CVqGkhMaxRku6jop/A8zzqPo+W10v5CMPoiCanfs70/m0Y038Sd+NgQXBn
zIgL+TdkUSR4epjMOKc10q7XOu6jer3Jn0dQacrsiiu1sclX5Z24n5QbOzn9fAz6
NkGadQWOal0hj5gJenphAYs3h0SosSfXKS9ib45Dk/82RwPCNmHDmV+MhREARIiV
T/Z9FfqrWUxdMhP1ruksxniKudXyU8Enx/xcGV55gTjvXab0AOE3Hq1aq9AbW6jT
mVjRz4McM7dTQXeMzSzsMZptTxlzSHuzFYpfK8xtswTYSPzCMO+iPDvLZVra2MVf
V4UDVJgFZlARt0fqQ6kAHRuhFy7i2oT1CxTwbzzUQhB5rQkmG0YoY8vWcU+O2XsT
Hmh/jpWBPr5G63oLfl3c0yrwk5vAJcHbcSeDhXLY9RO2/LLSeOqjuSGdPK/6vV0V
kLaZ++CVqGkhMaxRku6jojGAJQRaItmhgzHgEVXN9R+lF5w7Awv+uLSTjv7EqsB5
zIgL+TdkUSR4epjMOKc10vnCTDJVx4Q/HLn/5jt0chi1sclX5Z24n5QbOzn9fAz6
7r8AL05+Fh1Ok+9CBPrPY4s3h0SosSfXKS9ib45Dk/82RwPCNmHDmV+MhREARIiV
T/Z9FfqrWUxdMhP1ruksxkJAFac8YI9Xe4PepE4ydCi3ZxiW4E1T8ykan6Sfl3pr
mVjRz4McM7dTQXeMzSzsMZptTxlzSHuzFYpfK8xtswTYSPzCMO+iPDvLZVra2MVf
eFwXOnOu4p/G34wQXGDXwNRZ7RPlgxPkTB9gLRgiUxd5rQkmG0YoY8vWcU+O2XsT
Hmh/jpWBPr5G63oLfl3c0yrwk5vAJcHbcSeDhXLY9RNixw4pRx8rcSaNOlzGU+GF
QnRfmlDHfQ4FGSMCDKBHtYfqcNS5YWyFc+jCOw79famlF5w7Awv+uLSTjv7EqsB5
zIgL+TdkUSR4epjMOKc10rA7TPesDnUwyQnovM16c+oIyPiIMB1yLYRqtP+Pnq11
ykArQKeIBvRiz55Cca0b4Is3h0SosSfXKS9ib45Dk/82RwPCNmHDmV+MhREARIiV
T/Z9FfqrWUxdMhP1ruksxpTj9onMOn1EdwthFhOZaL5GviyaQvHRm5zakORGU2BW
mVjRz4McM7dTQXeMzSzsMZptTxlzSHuzFYpfK8xtswTYSPzCMO+iPDvLZVra2MVf
GrH6Hnmo1Qw7MDU8Bcy/xRzIed9dEaC/M3F4gypP9NR5rQkmG0YoY8vWcU+O2XsT
Hmh/jpWBPr5G63oLfl3c0yrwk5vAJcHbcSeDhXLY9RNkqpiuoxIJgNbuG3vuuZpZ
kLaZ++CVqGkhMaxRku6jolNHyv+9pEug1LwjQRug05+lF5w7Awv+uLSTjv7EqsB5
zIgL+TdkUSR4epjMOKc10qEl8WCN9iClAYxtwUiBjhG1sclX5Z24n5QbOzn9fAz6
CgGjdAMx5vj45H7uYmfAAIs3h0SosSfXKS9ib45Dk/82RwPCNmHDmV+MhREARIiV
T/Z9FfqrWUxdMhP1ruksxpWhA95ufA+K83+dv1JB25gW5SLa3Nnw0bg0q8YvNdde
mVjRz4McM7dTQXeMzSzsMZptTxlzSHuzFYpfK8xtswTYSPzCMO+iPDvLZVra2MVf
g9d3tYwJAhrSKke0TIEzrmUb4VMEVX8PDQA5g0NwI6R5rQkmG0YoY8vWcU+O2XsT
Hmh/jpWBPr5G63oLfl3c0yrwk5vAJcHbcSeDhXLY9RM9QPh4d0ZzegBu7bsxQmvy
kLaZ++CVqGkhMaxRku6jonAlT9ewJAODrA6GvILcURulF5w7Awv+uLSTjv7EqsB5
zIgL+TdkUSR4epjMOKc10pvUT7t0gxNuRdOZhMhX59YIyPiIMB1yLYRqtP+Pnq11
URJMCEH4pjFTX8vOXs7Gy4s3h0SosSfXKS9ib45Dk/82RwPCNmHDmV+MhREARIiV
T/Z9FfqrWUxdMhP1ruksxj+GRmskHMzIEkTEpGKQfhpGviyaQvHRm5zakORGU2BW
mVjRz4McM7dTQXeMzSzsMZptTxlzSHuzFYpfK8xtswTYSPzCMO+iPDvLZVra2MVf
LbZsd4htABYwYaecYAWQ2mUb4VMEVX8PDQA5g0NwI6R5rQkmG0YoY8vWcU+O2XsT
Hmh/jpWBPr5G63oLfl3c0yrwk5vAJcHbcSeDhXLY9RMAz+KdMTh+DXRdjRvAjmA6
kLaZ++CVqGkhMaxRku6jol4KrGKZUJzeKpmfSSejLBOlF5w7Awv+uLSTjv7EqsB5
zIgL+TdkUSR4epjMOKc10nB++SgKXd19CxTlzYvMkXoeeK1oK+vWCoglP2QesS7D
ykArQKeIBvRiz55Cca0b4Is3h0SosSfXKS9ib45Dk/82RwPCNmHDmV+MhREARIiV
POuYPH5lmyFbX0StpojLrhb/hkGr4QSEh91S7eRlHatLh9DqWqn8VLPifYOrAZbV
GhM0axkilM0WSxUTdwTqlg9CWQ6kVxAbOi8R46bAUDrsC8w2Q2AJq9ls6eOjSsQ4
VCbK2/NBikSHBUtRHDTmK5O+W+61qxRz55/aDPQvzK1kH1ExEEms/3ALPOPXbDms
G4rqWkdnSTwq2P2NRHlWfLlv6f7EMwzjzdp8FtsR7Kzb1vOmi4vD3ncuCf0I5UVP
2QSyc0wkvg8/zHLZteOsTqKQr4ZmYyNqb9BX1fxuQMZNEyyCDm8iaNkHyuDeBvDv
raaqRJBnWSxvmYrBcGODchYy30Slrfeo/pIkfYnvRRee9zMC1kX/LIUJWzXTANF5
gXUuLEY/TYDeiCmtJdonZSH5bmq7HzVinUhsqigOu5W4tX/It/HoDCWN7aKHHrlk
qr13mGEKL+lWaD6ouUgu/Ul3AbXTlum+heF+I8Mb7liXZQSzZAEA14HVrCy550Cd
XSscsbxVwoXpjMSO/DnFXRqQMjXFYtZHdfnViv5eWJ2LN4dEqLEn1ykvYm+OQ5P/
NkcDwjZhw5lfjIURAESIlXfBJ6QpNzopziBXXi3cBuakrm3OrU2daZ9k25nND3S0
fpI8J3BToUXgtysBZKGf0RoTNGsZIpTNFksVE3cE6pYPQlkOpFcQGzovEeOmwFA6
7AvMNkNgCavZbOnjo0rEOKza38wCMnM3moYRr88i9mOTvlvutasUc+ef2gz0L8yt
E3HY79YmtsjKTKNky3Y+NRuK6lpHZ0k8Ktj9jUR5Vny5b+n+xDMM483afBbbEeys
29bzpouLw953Lgn9COVFTwHeX3LDuUD9vj4273bRScvi39Jnkj6wafmxxSFczoFs
vIN0l3wbcY7KC4qOhRO31LdaV9S8HBOEE0UwRb8glaAD4MWjVaJ2F7DWDRVjXZLz
GrYkGP8MExJVtO8RJUZ63syBjRTIx5YCsspnrYdx3oSW4MUpBqIRBVvO9GQNXZe3
7+VGbhJSeThBIolOEv9esqUXnDsDC/64tJOO/sSqwHnMiAv5N2RRJHh6mMw4pzXS
pbGBF8KoReOph6hnNqmJJmWY9Dy7Ab49VqSo6GAwJFKD7rtnFkcZE0mv7PedM32l
bJOlo+goRq7jxqrsrJMA9Wlmg/hxECNzwCElDIbRTDcuIm+JvG7AvoD6sE63Rv9o
7lqXhIJmUjJWq/2VUX+1bRFD2A+9BdcQ3f79goS2D/+ybCFDI6k7ISLqP/HX9KvZ
gXUuLEY/TYDeiCmtJdonZaweDrljqAu0mSSDayEzRFBMvv4YyTwEhK4mGIda4iKI
qr13mGEKL+lWaD6ouUgu/fKeFElPTn9lRpU12JpD0+af6dnc8zLzrJd/zlJFP38S
A77RK7JUC+9WDaZakuysOkwAmIURwT8t+t4+MRgd/jUBj/BjV5QIcqu6QtRZuEiK
d9cqbb9q/E7bzWz50qKPLuB6KE3hi2mCeuBb/ubBX5MRBnyRvvBgFZsmQp5WY9O2
+o8BMILgtsEyAI73NY1P9QHzuou0mZgafmLBRZ/1Dong4VIL7UXtbFXrlg1WAmLZ
1mpMIJ61Wh4iZI2bFsiZCOLf0meSPrBp+bHFIVzOgWxL6BrJAal0eVgwFHwJFXQH
TiL+CVWOSaXWrFc/vyDYEQPgxaNVonYXsNYNFWNdkvM2Mug1rSRxf5jQiK3sA3Yq
dJcfwTakcMU/EbYtIh5reURSTYoN1gZFPNLa/sdquFC1LgNooYRthczAcswaO0FN
UiGSvF9KgJlcPi+tYNqoCoMkW2JgDA5uIiAV3U2OP74JsG6HjLiCuylP3IYfL61A
tDVlqM4YTJVmjktZg361+drBZE+6kXoH+L95P8qQ5CQPQz6WnURVcuEiB4DuQQYZ
/871FVuV+L9vizgK92nVx7p7tR5Z+1q3BjshVOtP81pzKxrfP05tTAXkiKoVWqUj
iN46vvhXjNZbQhAVN3xkge088t4v6m+jeJlsI86BSdtGRhkXBCH9JZ9jC26cy+oD
7DzFw78qDVmJG+NpZndAGlQ7LIjlrrKeYmKXEbIn+IANIyUtBtq+lZdR1w7TfLom
g0zj4/qA9ORYATOcya6n+dnpcBN67+9vsfoVIyq64OiIWDbsEfaupyeiqur4KIYt
V1IwnTUWJguOKzTXNYtd++wLzDZDYAmr2Wzp46NKxDhT4ffM3UdFhnQnbYo7/RVg
H/P+Xaec6Dd1TxiQsIY8Hn5GboC9lVDYhINbnWRVmohSoxP6yR6lT8mVMJqVv21l
l50Waj5Om+9nIfv3GsXoh1jqtWzEEfr5gEUDBOBBQZA0ZIZAq/01cEd4hc7qcNrd
SXcBtdOW6b6F4X4jwxvuWGypAoXfilnJYBkkQzdGF6AaQBe3nRI9BHXMYL8KGvkV
MbJIKjZhWWmbZ6cg+vVvf5lY0c+DHDO3U0F3jM0s7DGabU8Zc0h7sxWKXyvMbbME
2Ej8wjDvojw7y2Va2tjFX8m0qxC97ajgK0+4B22N8MZSIZK8X0qAmVw+L61g2qgK
03ladaj5aZa6Ub6YSjYGwyfVbwtfFYkPcCnZ6UwcD9e0NWWozhhMlWaOS1mDfrX5
1prJ70vFTK5hp+sCBqownUfLnhMi6YSc+yQPFXN5zQmN4AhMZ4ek6FuBxFxv8Dsw
IMwyX/3n7C35K6sP8xjNka2mqkSQZ1ksb5mKwXBjg3IWMt9Epa33qP6SJH2J70UX
UanlE3rIcIgaTZ6h/4/AW4F1LixGP02A3ogprSXaJ2WlBy5Ue4g6g4PPB6mfW2Wb
Py7vNsrM3qnN011ZVG2FUqq9d5hhCi/pVmg+qLlILv1JdwG105bpvoXhfiPDG+5Y
un1Ov+aOOB/B7hHqbxb7f10rHLG8VcKF6YzEjvw5xV1PY2sut1lnG4em+FBEQhC5
PWAbbfEhpFbBHrEcJ9nWqDZHA8I2YcOZX4yFEQBEiJVF1lnK1hm/5LcTS+SdnWAz
HUocfZwIzsVItaxbCTL1q4dPaNPH27WWBFBy/5CjqnniX5en7CKoodQEtwKu6WW8
8qwSZmLD3BcO8Tedd1T3+uwLzDZDYAmr2Wzp46NKxDglscXv/6D9BHtSGJ1MYN//
P/GLQP3MQ/BujXHT/GBRDoF1LixGP02A3ogprSXaJ2VvCXomFQKpul3l9nCTFL0n
4AagCRhFLXTO6OrhKDaRUqCQeCqL0d79O05QJHKzRu/ynhRJT05/ZUaVNdiaQ9Pm
58kD6p7cW9hGe+0L04Ma+p01wv3mPT/DM+ZmoPD0EThSIZK8X0qAmVw+L61g2qgK
yNvOBeT5BWJ01IUnOT0lTFEdq9GiH0jIdG9VMiC+tgW0NWWozhhMlWaOS1mDfrX5
wZXmhlvAEieQhw+9q6UBcSz/TyaOO8lYnfenWVK6WnhTq8EUwuqJUKP3v7/d/NVT
xJxBo8/PUh89E+EVRqIifFjqtWzEEfr5gEUDBOBBQZA0ZIZAq/01cEd4hc7qcNrd
SXcBtdOW6b6F4X4jwxvuWNQIqkX3XWs4efjG3J4bbZgsr+O1VSmC0IRGRN8GfuE3
nryTgDFc3es7xs3ZQax0pH4avF6mZs0PmTvVoBKI5K1GRhkXBCH9JZ9jC26cy+oD
XJ9GSA16eVa3g6XlAcmubtYuYh5wh1sJQk9kEsZ3Ea6zlYCI/6QSA6Rg9MB+8idj
t1pX1LwcE4QTRTBFvyCVoAPgxaNVonYXsNYNFWNdkvMp+hWsBuo7Ohrs33fMvBBq
3qNqhY62vzEzks67u2J40WbXVNndQ+sO+F+0v04sd7ayBwiSKUKboGLAVZLfjgy1
qr13mGEKL+lWaD6ouUgu/Ul3AbXTlum+heF+I8Mb7lguzEuDlWq0lJlK6plXS+yQ
H0MTd/F1N/zI5z+O1Z5bTVjqtWzEEfr5gEUDBOBBQZA0ZIZAq/01cEd4hc7qcNrd
SXcBtdOW6b6F4X4jwxvuWEb2tltZReSfyVkyyzKK4XA+HTTFXiRrzXYMd6HWvggB
Ve1toIZ0p+vx8wu/WPEZlH4avF6mZs0PmTvVoBKI5K1GRhkXBCH9JZ9jC26cy+oD
GnlONA7WQheDGOq2tacsuzu22cBXZf/Qqkm5C3sce38WxQekGTISfvzTRdCMAXtA
t1pX1LwcE4QTRTBFvyCVoAPgxaNVonYXsNYNFWNdkvMp+hWsBuo7Ohrs33fMvBBq
ViEhDQ2Mtw9BysbBy689ZBpeZy7yS76NoGJPVtiQqH24tX/It/HoDCWN7aKHHrlk
qr13mGEKL+lWaD6ouUgu/Ul3AbXTlum+heF+I8Mb7liVs3kLhgS1NobvEXtJZuEG
XSscsbxVwoXpjMSO/DnFXYPXIJ0q9kFrbnhCqOHAPZ2LN4dEqLEn1ykvYm+OQ5P/
NkcDwjZhw5lfjIURAESIlbRdlf1a1MGX8redb3Q6fMOd+rjQc/B+mlS0oQ7REAZW
RHAD9cHjpDjW6NVPol1RCydMyrrViwTQACgp6zTFrb4PoNSFuPZyCyOXIxOYvvsl
uhv7C5jxXnYafSfxFdyhcdK1tvudCRfQWlcJz8XKbwXqcoNJs3hqZWm61HaiPtwp
gtbSmqbE3DkSq67irjZm84gZ085dO3JcWasXowDtwjvIxob43fUgvhYQSjdd83oT
9Tq5tC0LU0VDe+l392Y5uHRf8QIyipEfbxvFRL8/vEi498IXs50Yxgjpg655TXvj
gWD93tW9ljfQj8Jv96heMh4wFvVUqlsuM1WIb1b2saqTvlvutasUc+ef2gz0L8yt
gIZk1hWhDFJEqDxKbuf/aRuK6lpHZ0k8Ktj9jUR5Vny5b+n+xDMM483afBbbEeys
29bzpouLw953Lgn9COVFT6f0tbhVLKDN1uFf7o2tV8fh4xryCV0bjfKD3q9ihez1
ucsLTZIJ+c2hxZgiyoMggk0TLIIObyJo2QfK4N4G8O+tpqpEkGdZLG+ZisFwY4Ny
FjLfRKWt96j+kiR9ie9FF2VAImsGqjd1VNeB3P1ZRK2/kwHVl+vOfMevGoo2tU3X
D6DUhbj2cgsjlyMTmL77Jbob+wuY8V52Gn0n8RXcoXHStbb7nQkX0FpXCc/Fym8F
6nKDSbN4amVputR2oj7cKYLW0pqmxNw5Equu4q42ZvMx+mQwHWRnJDjg3z9Dmu6+
yMaG+N31IL4WEEo3XfN6E+4kDg9rVtvprR/Zapqo6bV0X/ECMoqRH28bxUS/P7xI
uPfCF7OdGMYI6YOueU1747VCklBYp+lcvwvXBpEAYOBySYnmadFNMuV+gfmsU9U0
cysa3z9ObUwF5IiqFVqlI568k4AxXN3rO8bN2UGsdKR+GrxepmbND5k71aASiOSt
RkYZFwQh/SWfYwtunMvqA2KAIml34emziiMleBamlGisKqODnj4PyoC1Qy4xLByV
OY55BThxwX1WrqVLjt9pU3mtCSYbRihjy9ZxT47ZexMeaH+OlYE+vkbregt+XdzT
KvCTm8AlwdtxJ4OFctj1E6LrCy/dt/Pg/0ghabM2QctTla7fwkV2Vhl2JjUUdN24
7+VGbhJSeThBIolOEv9esqUXnDsDC/64tJOO/sSqwHnMiAv5N2RRJHh6mMw4pzXS
sApWDhGfyTAXNpOXPvJe5MVHJtCHHj1FcLPLwLEMf6gxk+JDCv9e5afTtHKrF75p
mskVIvO5bEse979KQcZdZU5oYyDF7sd2pY096CLBApURBnyRvvBgFZsmQp5WY9O2
WXEjVsV5Kozyu6wAr3L/fJPsolbqLX5EPD7x2rbaeBdMQ2lo/O9MwLUpR7XcSYke
GQO+GL+tnatY9u/3y/z7000TLIIObyJo2QfK4N4G8O+tpqpEkGdZLG+ZisFwY4Ny
FjLfRKWt96j+kiR9ie9FF9uqMC5FJjUXZQGnBZpw9P8jgmz5kXRP8KT3+ZMGAb6z
1mB3XT4X/P11GRlT8VxJN0U/1jARLmbq0r/oOzmO7Ni3WlfUvBwThBNFMEW/IJWg
A+DFo1Widhew1g0VY12S82DzI0EoAgUvqhllyw7dVPrWyy6+Vv3FTJBfVydx3cjK
V2AqYhBx1Zliq9LYCrD59eerFg5W8wE8vnYjK1vlOCB5rQkmG0YoY8vWcU+O2XsT
Hmh/jpWBPr5G63oLfl3c0yrwk5vAJcHbcSeDhXLY9RNEJ1apsGZwXzCOWWuFqjrj
XwldlZtiU1lj5setDW7fsLjhNiLT2g8fLeb7oUBNKVC/IVQxSbg9JDurTSUONNIB
G4rqWkdnSTwq2P2NRHlWfLlv6f7EMwzjzdp8FtsR7Kzb1vOmi4vD3ncuCf0I5UVP
5WIGwG+FJjS1a0ruDQW6W+Lf0meSPrBp+bHFIVzOgWz2F0Shc6S9hUB8Thj1KQsm
t1pX1LwcE4QTRTBFvyCVoAPgxaNVonYXsNYNFWNdkvPqXmTaiHvBidY9fP6crMhw
jkkeNLchCDkRIZ4NVR6uyt8WNiyKX0Ck/JSNuR+2RP6unGwDU/11ODGRfI/Zp5Ds
6iPwp3zhqHtHKEDMx0qNS8yIC/k3ZFEkeHqYzDinNdKNkT3uDyWACs+yqos87YMF
3DL996Cy82FTDF8wJxU16WhErvtQCYr5itXJbNFmwF0/9Upp1ZtbeiWDy3ykqTA8
aWaD+HEQI3PAISUMhtFMNy4ib4m8bsC+gPqwTrdG/2izZ6+VmoRjRuuRwhhhw5R3
CTK2GCTKfz708fowSOMSAlV5Q0dDE/0pl/8Kj8YK1LNrMsl0XyC6TKGCTkB3+h6t
6nKDSbN4amVputR2oj7cKeQ8HYC6P62Q40mClAii+QHK+szYSKrWndSN6s00M50T
i67WbxnY9wPzx6qyk2IczQX4chE5KVuQHllkWsJ0Xa5q0b6hIoLvIunDvePuNZYw
SXcBtdOW6b6F4X4jwxvuWA3g8ByLwfIcpxv6dQn+tLsaQBe3nRI9BHXMYL8KGvkV
dMpkh7izYMeGe/Z6bJWWk5lY0c+DHDO3U0F3jM0s7DGabU8Zc0h7sxWKXyvMbbME
2Ej8wjDvojw7y2Va2tjFXwlUv59xa+7zg7xkjN77Uz9SIZK8X0qAmVw+L61g2qgK
GLE0c34YfC8rX0wjewwa8lEdq9GiH0jIdG9VMiC+tgW0NWWozhhMlWaOS1mDfrX5
a5+g7JYvpAq1vcj/Gwn5veHjGvIJXRuN8oPer2KF7PUMxYy/KKlsLAj+yz/bJVyC
xhTsVLdKEXLvkYhYuGu1L62mqkSQZ1ksb5mKwXBjg3IWMt9Epa33qP6SJH2J70UX
qUqTvsWHIKef4CTfpXcZzaDlJDpWTZuhN5wwKe2UWbmsKqODnj4PyoC1Qy4xLByV
wdhFSI8Z8nnFSj/f0jxTV3mtCSYbRihjy9ZxT47ZexMeaH+OlYE+vkbregt+XdzT
KvCTm8AlwdtxJ4OFctj1E+yqR92eegYKa4D5LksBhuQBj/BjV5QIcqu6QtRZuEiK
hsPjpahWmUc7VxD1FLjK/5AGDuMJChiE5iuo2xLSh6IRBnyRvvBgFZsmQp5WY9O2
1pir6agnzdytjzudAPfkuxfg+ST2mNhsmXrpCMzfyUcPoNSFuPZyCyOXIxOYvvsl
w9+pADoDh9wkG0MsmwqgtdK1tvudCRfQWlcJz8XKbwXqcoNJs3hqZWm61HaiPtwp
hQ/l/A4+a0z/BdxVE3y7vvKQcERboIWE8PWQTmFRwrkRLnUWz7ib7Sh4P1vHzFPs
WOq1bMQR+vmARQME4EFBkDRkhkCr/TVwR3iFzupw2t1JdwG105bpvoXhfiPDG+5Y
pRDN54klwokkAdWzA0ONSw==
