U2FsdGVkX18TrSLuiOpjiFkZLI6V7F2AjVCdRUV5C6YkvAoMJSFKj/mGDt91oTNj
qIMH+wOvo00/lTZBjy8gTuXn4hzHR68DGLJ/xoTEb/yVJSPQLscjOjKOeIrnq1WC
OdzBHtw9KJ6vnwlQCmeO6xx91SmSif1EGFyyRj4ysocJcFCrGh5nUnfERH8v9niY
kFClXDBWaEw6xiq4NAtA6L7HYbwYRZtwdRzfdDi4zAmBrAggGajL3EpCMGocF8xf
EkluBKB/IoKpWtSYYzWIvl50pnXEIA1UxjUkW/daDYCxTLMEz9XogipapJeYycRP
7MBeM9SU8VLRvrSIh13x6LK6v7v2iZBRzUHZmLpnHrfn1zRMP17faeydcLQtNxaX
wjXbjSwzvu/5/Gt1pEUDLNNNxMtPJMd7JngShHZ8iO3RIbgx5lvIisSiBebpzTv3
HUnSVuT0CsGaqvy6n4hKqjMd3pjnjuaRTkPcLR3WshNlH9gs34EpEqlL+4VRyDL+
2T2N8/f/lbQ44uk1YqA+uXv2qPZPpCbaX9DP61w5bc6D2VfjvhpPLnn2FGp/thqz
yzCzvtnFc59HLSkHA0yD1OHS9T3Xqbyo4tlXMA4IE52HuYGPnB6R05ryfqGgvL0O
I9gP1RD7tN3MvIF3ftJvBJIXWN+oAdI+0KOnRwu4yHis58X+zXZ7mUUQwtLn+s7u
ACvnRtinF6aYUgZqe2v+qDn0Wnz39PNykZJP6/m3aKbDCT0HDHle6rHUbsvnqegd
HtX49gif86PIaAHirOoHbSljwNvw+hsEuf3VEnfN7d9gjErQROo/suj2DtbW0sX4
GMDWcbo8ADhc/RTrdzFpRiJ+FORbnq2BTyjadP5040k0/xU2IM6E8UmYT2DbUXJj
tLP1Ik3tuLUIYlSx0Fir1E9TAi2Uww3L90km1c0HrdZHMZ7KzK8pJOu+P7TSsbUu
8MF+UL1AaPvA6q8hFFDJv499IpV0Z/7tUCg4z9KZipco+GNC5RbocMVY4a7+OOGH
ikxOX8+6W4pDNouyOVk7FH0u1Z0Kau5M9P7VOAlZ44THX1qN/LY1cBEJ4pFONhm2
sswK+opIqkdaCBltof5/h5f4Re4WuAY911O4zhOkQiajBo0m1bKm+Sohkq8OgRao
iyOwVQuf9+W6MMwBQxaU8dR28XfEQIr+De4n+ZOJNKmEr10GHpCaiGZnjav791Bf
d/sY6PsUeSQzgwmLr8FLAmR2f5MaTfX6qymj8M/Ju9y/2gCp1I5L9VEwsQ6nCGl2
gIpgKeUSGsnutNVPFsuUXeb9SQkAeT13mH3R5omdWHV2wanRwklXSmXp4ACPPSY+
VunsqCh6Sx+Ta+i9k/edK1ZK2lRM0ca/F8Yrw2agslbYUjDENTlD/Bx0CoUag7mv
W9g4quTKqw/C540i/6MDE1vHdtknyAuXBUYxj+YLf2Q3E9Ivxati3t6TN05iHTsz
Vw5UW7CXlZf5BueIDyRvHdaEcvwvkFUKLwRbtDNx6b5OPf654XvmejOE0HwOa0jS
FctGIhgvK6ov8/ThhfQBHO/whs8nW91l8UnJK1KwZeHAjS6kVIrwu+f/mTY0u9pB
NP8VNiDOhPFJmE9g21FyYxsa6OsIWNQJPhEPIewQ9zr9eICiSdLaKu8bb7jsbAaS
pA+K5JwecxyHAjLAMPz1dg/msjW1mZyFl896tQrHpMgflwNyKoid+MXRQ0bEGKki
DMuOJDq9K664Xh0LfLpKAuq7GUaPL5efa2Ws0p0nlWnH0Rq0Y/43VpuIfLV4Gcar
ZcGhDOu0QnFMHn3D4c3W8RZ1iO0Scj3lgL5LWiKq0oOksNTwF03sONzT9vYuOOr7
l+iNma41LFXucPtFzW8saPywxDRIWkFJZyyPtinBcYNB47gYi47hFW1JfKLlfTbZ
T6ggrhhA9wQbYC0kM4A7posFKC7L80rogdQtc5roBO0wZPi+b23jg0zwDdXq3WN7
8FKnh14q0yZH2d29+z2cabKCKo6Jq/lJdy9UZeZZq5s642La5H1jdS98by6YU6Up
f+mThOaVANFPA9cCZiGfgONWWJWRSDoIGmjZUBBQ2vXzk78sCizYT0vZ9pJnj7to
t3km391DAAX22d0aeF2/GVD3e1nC8IswOjj0Buuau84sMXpiSUHk60Sdm7oxh+F3
68j1vuNzRgh83i7IdnhTeDKgIY8ySdLL3RQkMqzqJDruEfhlO3qEttTSOvyq8nzp
4wJ9K7SPmN4ScIgKFtaYQPH9NbQdoAuYhOX3pJt1mRXaU7RxrJELTzrWwntSAmse
GMDWcbo8ADhc/RTrdzFpRqMFuYcLLXnjrGC0qynZI2I0/xU2IM6E8UmYT2DbUXJj
XGM2P4b8Qt0NxtJh636pBxEYFZCzkjI6TvYvt9M10aUqY2JCPK83wk4NNEI90J1D
Xe8G3EJyLQxoVumpy+qSOH74yDV/5NvKFGRixUBHLnzdu+/s08IG29sfmK8C85/W
k4G06Uz9/yd8U/JctEHSikbMH7tkVb0WF3L4P7oYL+aZhcCHKrfhZDr0fcXlH4Le
fbjnhdSXp7oXgf4gSU6iyJW478W+5BgyTD0/w0Z+cisLIUdUqtayI4gKE2Pkvb/Q
JYKrGR2a8R1isrQpKpbv+q7rd4VXufK830P3o3QandQsmB6cf2XS6nC15Vi0a6st
ISJ4YKK+CwqoVijPRp+dLbuyYTOGDmf2GLnwfE1gqdDdlsYuRQjhxD5gpCFGT0qO
cLPIc70ax2/UpFKU8aP4BN+s76aPWAkQpu6x+bXJevFX+E9hqDD0+6tc+LVmwSjS
eGl7jwKy5fJJ6g3QXucg66Er7nqdFueDQ7856O9aKHkm3CViT8iNlA9GOaqQmetQ
0BnyfwM54Gwfr0pF3/A2YqjBxap74TQp3/0BPKPeBTqbt7ccImqF+9Tr0iaH6Cvd
bYEpUwj53/kZhAW1wzehYn/pk4TmlQDRTwPXAmYhn4BjWzQf8zx9P9HazP8JL8dD
cLaWJ8DgBLPdZQ9u1/BMpbd5Jt/dQwAF9tndGnhdvxlqMMhLIs0LIfDU291rk08I
ZTvi1tToXyMHyd08Obx2tyoMzpyQe4WQtEw5jY4l1xrzWluXcODySdbDx2mgWlx3
l3zcds4CdCBuaKuCv4o1IohduMcbGfC7ftELoPMbTIr+IlmvhXJoF2f+jYt5MRhN
yt05XOMoGFoupxcoRNJ7gPywxDRIWkFJZyyPtinBcYNbjLcqZUQ0b7VGBOWd0rq7
1EIrylTNfne5/Eth0kbo9uxO9LX2e0OdtaBexo0LWsJgwUcpVF9m4E6gwDBtwwYd
u6bTPLSBVfywKlsoKNN+dH1Y6NhKfwMQoc9ln7nKTQMjiuQuKoBJmvNsyAyQf1cf
GwwMjgYTqaHMXZC4zXvy7EH5r0+w57rTxPliNrHtKSXtCZMkLQVVL/FcQAe2QzWC
fVjo2Ep/AxChz2WfucpNA6qMFHa93seMdsCoKAvXKNP4CY8ybWSK327IRd75O7O8
0Qgy1tqA3m4/ntIemTyYCYFhaOLYlQUrixoN1VTaBP99MVUXTmVxRrai38hqNlLJ
cjzlnU9voEjzjP5A+zB+GxxUaCBVmF+scT009BXxkIWgHqag+xTLJVF13R4BUPcz
ViERdnG73TDxc+pzY11H3g1K5kuKvxUyxaQ4Kge+y87h4+fikNrkidXLh5uXS++H
+cmc7YqyrpCNkroBmMtzccp+XSQ1r0r3ftrmTX9MLT5Bh7wwp1kq5qSI1LICYqPG
apwoaxxB4hl9iMwZCkDwRLFQG+IfdrrbZseMoZYsYHF2F1xqO+NQp3AbIwfh8SM1
WI9URnchEzmILxwGTdSZYkIO0q7YWAPNKokMhnGDClVi6gko2sp7rmyAsQge+TbS
OscGRk+GBU5h7StcLzL/Y77zwVcBUpZ5GAzE39Ysn05udBm+iFEMAHtJvAqjSmCf
FtoLJQ/OvvLZMI7+tlnHFU3OsJpmHIhOKJgn4fHrbOSTgbTpTP3/J3xT8ly0QdKK
SSLhRdsNC5kESA8vqs98pqHfBSsvFz3TnTrYoc1qKq8j3bv/oAaqa1nDoJ8uyFUQ
yTyb/PK9f93ZzUdlOo6iJVNwJStmsY2ZCsbJN0zje/E/egfeR7friKC0oFjIC00H
Yp7d91UXJI5ibSUmCUl4gG6a+FnfVYlwQHr6hK2I0EhWm9FjiLrdqwshvY9Bilh8
pUmFgVwboMfiQ1QuG9rrVQWOU1vlRy695TNACkn7dY89MheLGKnpkpjJ8NQmaeDX
me4l9tImbegBvURDePGj6wwO5W39o8K75kJokYF5sMElUC/7YXUV00A2AT7ZGi1/
kNNCvxlc4F4EGbYBnt/Dz+jWGHXb0srJAneQ/D4D72RD8Jz+4JmSi08ywLTiqSkx
VrMyrNCaGlG0Vsi5q2AhgJ4bri0bdqUJAkBWFx6itgUPnVXyislgETsMjTEGmkEp
OYIW6Ghichhov95SGaMWcq4rj38VX1se27vou0zI5FXKF3tOhqqwFLIUZcmUNeBT
7hvo2r7P5z0RLiBF1B1L71iPVEZ3IRM5iC8cBk3UmWKHbYxqhmmNfDun3k8oQxB3
YuoJKNrKe65sgLEIHvk20mr9WLsfwuglPw6Vrljaz7bkXxMbiHk397CgJBCjZ7mU
QIf1gd4AqYyFNXvV4sfgEHDB/qxIo4oZyxZQ8zxiV9J8xzPxUpLD1K3n/7upnLBQ
NIQLyFOsMNVPO1Wd2ghnDLiMJ83yB8oyr+jyqfUBBvDBR1PvIUZFKZUaDjjFRUxt
XH6f0F++wGKuVVZEFvrq8BtFANIl1XytOcnsWSMYmuG4eosCK6OvOotqENUsv2ub
S8RcKSv3HClj4owBY27PfopTEIC5MeO0jj7Nn8cCTkzbBKfvTu8lmV9rl9z8wJF0
Noj7X995+S1JxUk3leHtZQUwBvQF4MHabBskP3rgHdkYwNZxujwAOFz9FOt3MWlG
s/ji6MM0Z1DrQG2OewPb0huOxtKIA5d4/NxgR9EIOuUBNVbC9tB3d4pXpc79MckF
b6Q9WnViIZMx8lbDDj5RQLice/kszVmLe8KQrAc9OCF5Gs+GxFLxRIfktNyd3MCq
Brn4Xgekk6dnvP/jhgoBCAKr5+jvUCtAUB4EE4f2gIvvHHnQfyOTX3ZX/rsluz4s
KHE0NYTLBFDx4zCk2KcZVcU/SYhas557URIPDg942vryyyDG1X8Wue21rCQwmrO7
HNCd9X4F2vEnbaxrJvRd4YSXbQY4z8wioCvzVk9pZx/mXfQZaiQef8ScQ4ZwBYZb
rThX8th8giouXqXt4zR+VA3yDtFoa8+DuWTo97FhI/3xHXdQDGAQoPAEKsyQ64RB
hFKtNqfz71nW5vPjNJx8OtT8Rm8bAiw1QT3x7IoNxSPdp5sSun3iUP7E48jpUi8L
+pyoURI7Iuo2ZOTNrfMczZNenz778V/tmUQy1d8AfVcWWI8IIuTuS3EmMgtBA/DF
W5QhHGRVDb6ScpccYnSZg1109YecTY7ZJBqdizWGQFGxUBviH3a622bHjKGWLGBx
SNJhgRVbgZCQGBpiLoU0rmKOdVDzCcSV8YPDK/1iuOy0rlt2KHAZIeLmLmfAG3bE
U7TNBTAUbHvNGAQmLU3FYe4Mnj1GUgPVM1DOiynWiTiyw8v+J5Bq0BHxr9GHd0oM
p0q7Q2EzYXGZleIPmXLpv6/1k87Z3oO0Qa3bQ+EjkU0H3a0NQyzCVZnUUiuA6GdQ
wXAqpynzwr+8bp02UKAKOLq0EMEwixAF5e09FyE1r9L+qrM1IgNB2ELNYzq2wYg/
cPK6WwM7LXdiqmxBAIYfNt/HTj4usN1XJIHsbS/9NJvOYmxRrcWNCK14CzPW+Wmv
EybtomD3xzD9yw8Sm1wHyOyQLk4LTBIUVKxUMYsIIISTYcOkEKq41Vc55jYSgWqU
HKJ3xYldllUd15zt3yb511zaJfqQNeKFafKoQsf0XIbkqcLJNdlGUFDac2kCjyE3
ktQK+zVdmUa6yfuSpqkLOdiUTsfxUVuQ8Cm5t9q7aCIYHmphuwZj0wiXmbGOwVZ7
pBrMvkqrdmODhtyA2l7iKrDRnf7hx0W0ngdXYkT9iyQ0hAvIU6ww1U87VZ3aCGcM
rwhzNQPX5DX7Cd6C9uJIJ2aQEbxOhtHRMvaA8Cl4u2C2XIf+yocMtmZw4UTDbyhN
sIiFKuCZFpBryuTVMFITLfszFh+ZFwQaYvY3RD2CPYokCqHj0ypt0bajHDAy2S+E
2/RJBv3hp9HK1T45AzuKoqdNQRr3cHSrsZ8M7OF1m3YjiuQuKoBJmvNsyAyQf1cf
FY079m6CtIS/S286e7JXxTnvM3dIj838Lsn7Uo49cHm+/XQWWZhBahYYZgvo3pwu
lgiu7qPkveDGvktjoRU1Xkvq3RM1RkL33p1b4liAb3gAmspKA8cNCIIO566XI/Yg
th7MA/A9NilPoB7gPRTlUZOBtOlM/f8nfFPyXLRB0opCB67VUFqHWO0GzHH1WEnX
mYXAhyq34WQ69H3F5R+C3lGR15G/tFjXJZyuccIb1fjjQSD4I0mLA7Za0GxMdeYO
Ia4lhEa0pw4LRfiGxxsVpuig63pW2M2mQjZHpxqTiNBhqw99AO9a6xY6KcdkeJ2I
zSptKyTFrxeKzki5y4tMADtYrL/RQ13VejuVhHmUxMsVyrNF2bSBXVgfWTk+WSdE
zSptKyTFrxeKzki5y4tMAKn0Nu8zDBxyZDSOhIioqrh/6ZOE5pUA0U8D1wJmIZ+A
jYZkrDKVAvg/ld66irIYJQXj2mC5CNYejiIpTCeU/SK3eSbf3UMABfbZ3Rp4Xb8Z
DunN1GMPlis8qgjBdVUjNYYTBtjuEMRvlo5ZHw7m4aaBm8f9rGrbajwGm2aWBkb4
lfczDJAQ1WutDdWp+6Tfks0sJgNcLhrniLW7cqsmhDlScV12Dpy2JgUBkWyOSW8I
3PSj7aam96rUpYz27jL532LqCSjaynuubICxCB75NtKtHZhie7dmLkKc0ae4XNZG
5F8TG4h5N/ewoCQQo2e5lHtH6hfKu5WZTgvQl+Mz3QBB+a9PsOe608T5Yjax7Skl
vs2MffoA4xdOUaIUQWRgFj03a1+xUncqIeJJ9FJNOUTR8sH1gcG9krK2VkghopZ2
uD2BE2B1i4NRMTx5nuAYR+fXNEw/Xt9p7J1wtC03FpfJLzrrZv+QZHP9KGXNgZ90
PKosuazBO0m2lIlMkmKzSMl4aoeKHhaEWXAQueOh/q78SzUymdtKpj08u11SKwdY
WaqrLWeFjqgNTpsV56AZR+DtNoVH1VyH34ExJl5oT8tPwiGiVQBvjZDLGcrNvusl
PoL8Fax8SbgsK09NSAnKSKL4QSyLDq0mMMt7UOUerlWT/glWwtLspJ2/3S6vfiBp
TisnU3gIEkCMR0j0/WZHSnucNfB00rtxDNsd2Me7Qu34Z/P0CiG7epIKiV+psSnA
qjXM/lIhCAdLfKAnVovuFZIXWN+oAdI+0KOnRwu4yHhoSqezrK2bGuG+t1/07z/7
7iGYAaMaDxRSKBiDFRsk/7QdgvlyqN3ocCSnJqU6A0WM7s910q8SnjXdIz66ZmIC
rrvlJ9xpfHxFlbDTG6WKbp2QQy0CwDH6fzwtfYlwXEuewHNMfinJ12CAJxdF6ThT
qms6Q8c0jDpvw8BP+mhXV4cLEfatNubQv8i3+WhOLAqMOeNcgS3YTeCJUIwRlrIH
h43d0AjcSTv9yZmiCAAA5lCS57sWdBe986ga2flF8E79QUVxG8HaAn0L1cWvheXq
PhLp6U+SCgFtVux9/gmPUahjCgKUcpOQ2meX2QCvYOeQlog3rgbKKs6w4ksBMX3h
aAKURCBQnzMkRTmwb3r/MGH9MJXc02cTBXZse5qXeGxeL3ouJzymPsMW59b9in44
/LDENEhaQUlnLI+2KcFxgwij8BZRFVRwmIAqOGQLBwd5PowuJNLIcA/jjbL70mGV
cf0uONG/FwPCt+oSc3aBysjdtGQ7+pGy5g2Cxupc44YSma7ItCzGvTH3vonpiW/n
qzP3TakFW3Ws2KIIUV9DDY6VjvicQ0XhKgtrijymWcek5JlG0Yr0sEZf2YTEnWIz
T5CJINn97mCxFatgi9Hecc8m26wr7NJcLui9YSssu/82791DooGESAxbvLLKHLIk
jTkjkx0hxUTQDd9Dcf9sI3y5Rk70ePDhWUaDBTnSybGucP8os5ybNvnooPtJyKT+
5E0StjKKRd+NBbM6Xj1m0sp9iu3T6mN+hry3+qY/SCFdBWuk8ttrlphaU6FCE53x
GMDWcbo8ADhc/RTrdzFpRj8AbLj3HHpswAN7DJrG2z/xHXdQDGAQoPAEKsyQ64RB
CLtZKYzWeHGl98gWLyM/U7L00OMYPTjDCYnUtP91dba1jvZ3b55KKvk+v2e9hx4F
mQbG4PXjG7SuHbBQSdl7AQjqakLItVMAdQuEKdqHTB12lDw1225I9fuO83XFjVQi
O9lqjKo9V/4HjLt6NLSi4/NaW5dw4PJJ1sPHaaBaXHfdfXP/8rsmGmMgPBaINO3v
TQd2/Zv9AkEYi5Lvs/8YFZNbzvp2NwTMkxywsJQYynyHv2h72CHA9k4CehP3RVUn
AQ4Ji36XZm5GOhO3KEb9Xi7JVvXwU+3BxKtxgSO8wtJwpfw5wqqbj4omKDSQ/xny
S8HVwXskboz6CQz1Jp5Pvfow5OzeVA9v+6ex/7DDH/q/RgUF/8WVXiZIq0bwXrdA
XQUSYHUTISPilm8ap0R2i8HslTeb7j7VB7ntUmNnqXho7Z/JgbuT5Fm3AqemdqCW
gScnLHvEbl4cYHTtbK12rjSEC8hTrDDVTztVndoIZwz9R3MztXMxYHskMM4xTh9L
r211ENrzmIrklRrCwJSDoQ3GAETlOaPAUxw1NfhcSiQfTSpXqLdHAL3xoZ5FtYxR
nhuuLRt2pQkCQFYXHqK2BTh9SVrVZmEq6tpm5flnmyochMKfTv+SRTU3o3IM2ean
3pQeh0PRXpyTOGkPLz1suTFdnS4JNDcgdFzVaILsCbC4wfjm9QcjHaLC/jddPt55
zfXeU2SkluH1MLFTOBXSBQtJgeoVpAG9fZA3rJneeh+T/glWwtLspJ2/3S6vfiBp
sTg83e0fcc7YH/w4i7zcbXucNfB00rtxDNsd2Me7Qu1uEhELh0arlV/+3qOxI+vr
lhxegIf+YW3DLROo2juuzJIXWN+oAdI+0KOnRwu4yHiVAsTvtO/FPI4pPU2yxHlA
MPfC+/u3fe8cFz371mjmEPDPWHESq72ArjC8JRiAoWC14aIUC6B1jyUK3NJo6wbl
rrvlJ9xpfHxFlbDTG6WKbjeFFNHFgZ/OMSgIGPT0TkqewHNMfinJ12CAJxdF6ThT
T6pxZ2xOnR6AK78y8SLbqrOwX1PJ4nM5DHFd0ApisgGMOeNcgS3YTeCJUIwRlrIH
e4XfiCbDE6qwwva+kUoW7ah46MlSjNYJHBn2Zs72ek3eKiUbFUkdBv3e4lAaHfxd
1Y9SzCJR0lVZTK68cgvBuuAmsa8kZrWp8WpXN+mgRMCFV56dxT1g6qM4mZAnOEJ0
WW8DXjGRXvORqTW2RaM8emmRxygxbvA8XlbVJbK3n3tkVRrPP9q4JcONScy5oZUG
qcnntGFSMWRE/cGBx13oMjOvxHfMRJIuvXhkR+tQwmgjiuQuKoBJmvNsyAyQf1cf
RneZ/9z+jqLsPfz8LNKciSsmdjiWnv1qdcyObmCp0Mf7GdWt/XCGe38rXlFWm2I0
cjPxp2pCFczHWSsVUsKzkxLO9cD+Rw5NFJJ4gHYVQDB/ZLjF83a1v6vQaT11JAZE
xW6JXHxPDpEB7USNoE7B/BuzvIAvgYC5RToO4XWARAY85HDJ+Gs3F3E3+M1Asnv3
3Sbu6ZwJnW8C+NNJJ+MUwqwVW6EW1zxyGGUArftQcbqCI3OgtqvEnnxHf4heyln+
5efiHMdHrwMYsn/GhMRv/Er+JG5Ba8MdMi06kh3dNrti6gko2sp7rmyAsQge+TbS
v7x7ZOoZ/g2PMpANQ+YgOgmmxrJ4fQFBA/i1mrpGSEUFcEtI20HEJ9a4FRvlNDiV
eqkq1GFjhWjiZ2pDjqShVi7pVAcovXGTY1Qg6uJEYVwzPnd3lzDyisZ3/8DPizvo
ujKhJokjMXHeZtlv1xbzPwtgCUpIxQDRKl3uyoUEPt1JOXB73iD93rZxEezvivua
JwOvSueFVUNWUBf/tqIqgnDB/qxIo4oZyxZQ8zxiV9KcJMV3W302XAreBGsq6IgT
cjPxp2pCFczHWSsVUsKzk1jW1qg83Xo38OOlD9twJ/SzmN08xx54z/KoDBNVXXuC
V/Hj19HmpFL/BqyIuWHBOzy3XrUtF98bFsvNCpgVyk7GQuT8UFXyoWCLmdZQ14IT
QdLCO5y7C/7YwNutFwtwwqwVW6EW1zxyGGUArftQcboKsD0H01ZPltFiwTv99xlr
5efiHMdHrwMYsn/GhMRv/MdvcsOCfaXvlItVKMLTxxdi6gko2sp7rmyAsQge+TbS
OiSxT3TZSnOyq2vgEvsf2AmmxrJ4fQFBA/i1mrpGSEUspuZ8wpgq7WoDm1c4HYVA
uBg5yWy/kN3B4lKBK4PVAel/4qrie2P0uNVMYbPdhl0ORMULpJtEsEZsJAM8F3HM
kgT6+cX0YifH5DorP4rKaxdQxMKkTnck2HekxxJ6SqdJOXB73iD93rZxEezvivua
IAWO2aqVCMjKNH/gQOKd+nDB/qxIo4oZyxZQ8zxiV9InVbgTPtJo9d0zM2H/bc81
cjPxp2pCFczHWSsVUsKzkypLFs0x5mRbJVcEQi20/JFGItJqyc+/KdATc9QD0/vX
006MjEdQ/n6a/NMUJGmGsGa8g68afCyxURu7hjF6eYk20jKVMwI5tcL+qYZQcdcf
8eVKXEQeraxkFdEqHa73CKwVW6EW1zxyGGUArftQcbpNYbIiapRPgwQz6s9RF4QC
5efiHMdHrwMYsn/GhMRv/HVPmhbsFbE70zR5j8f0BAti6gko2sp7rmyAsQge+TbS
IEHeNqao1F7UXsvZNZeGsgmmxrJ4fQFBA/i1mrpGSEX7qt/0ldAXLJ31Z6mXMGsH
lNGcsl9N6YzZBIcBYrjvziqo1EQfBPi2+EzFooWZAAXCmPzHdUrxv1Ce+8Huodbf
E/xx2GBe+DD0IWIxKjjLIFOi/16OJB2FFyEYHFuJRDxJOXB73iD93rZxEezvivua
ZQuC53kvUYrYoEs73lYvV3/pk4TmlQDRTwPXAmYhn4C88whFuD1+TDd0v4orI4Kr
aFGwhX2E9Au1CdYvLp4AjIS/lf9b78/IIz+Zwus4XYAHMctPcYgsa7SX5H4fKxsG
iS9QIujclro8zJYsIYp9XyLvyj2Dy+qpZA6L17950IKyq3Vhr5FGxCrCxF4i26t0
qj41YWa4lcN471cgcPR7RwKRGL/ro3KIqrNqzKi1aLcKjX4KXzN51RWWtHd3YbkH
+P5T/UldVDC205TUwo+muJyUAMtRA0Rnm7cdd4ezBVmToTbFhQrNZBEOuVq6fcrU
5VqtVp0tIvz90xr2XgsEOrYezAPwPTYpT6Ae4D0U5VGe2yDLVnVXDK3x9fe+DmwL
GMDWcbo8ADhc/RTrdzFpRvFdcg3Z4WGPZ2B/I3RCeck0/xU2IM6E8UmYT2DbUXJj
i2X+2hS1fdmBrGglqpsj+Tk2WuFO7hOF0H3/lGyjG6KWTnBh7/tyo219tR0k3p7m
kwdJke3AUyxLQ+OJsaWV+7WIZi/Dheepl/8u86IVoxZyrlIkowSDfRgTTayD9OtU
RBL2rO35h/QD/E937iJNGhjA1nG6PAA4XP0U63cxaUZySVu2D7Uxk2jsmOj7y1Cl
8R13UAxgEKDwBCrMkOuEQUacNQfK5inxnj6qiI9WbWq+/xNsi+fImPRjTOiKW/eT
eOEAroaTiCnRA3yTmLGs3/IKVPfVWjFTd2ZG///yaA9q+QpkBNTnVKw+UmZJ0yU1
RgBlDHxlE/gEdV1uCY7Jxr/E4O9J6wJNE/+/fhA/YybzWluXcODySdbDx2mgWlx3
8stIT59Gs3iiuoQO1YXfwaXfBeeauCRAVrXyaFNM5iqqPjVhZriVw3jvVyBw9HtH
sNJK9yGJS85VUyGYnHJxmwzmblAeeFFxzv1yrOdri9kFjsMSZhLEUidYhlr4xdSp
Cz6IQuKgAvjgEwCAjKoeO68JDeG+O0O1PGinelB57DeguHg5xOM+mjWSgWmEYotL
WR7VBAXNIutfZ8sCXkau8teOXjbNkRW3n6FDNXQh98mclGXWtekVvx3Ag8Bc6Ple
cLX2v932r2gkIEsgtF6o2f4CekSLcwTWyVq0ZiMC4OCxUBviH3a622bHjKGWLGBx
NZpCQ1isjHjxoabehmD+MHuNB3FPPjssyuH4SOcT8FjgT0h2XeDVIWrUvjLuUJU2
c8/8ploKYRFYcqllIHIROefcJUE+QzqrRO/06ooyZAM4lYGsgDkiOI6ds/buo4ak
6fRcSLdyRo/5um16tZoZqBYza/myMbEC1CsMy3GW2zLgWqBIKbZokwMD9u/xpfO3
Xi8mMm3rQ/ua39ZlvONwRhdSrfrh3sYrhYb4QDQh/ig97aDz/k00HdAkqFVRe69H
KK4uFEDxNFxBbMAnWg4spt6UHodD0V6ckzhpDy89bLmE0Dx3Nb4J3jg3HKirrq2h
ls+wuLk63JtRWJEyRGQoBy0ShVdugahSwP60mH0NxdO58c2KVzSzoqtBGiBiIJCe
FepihgyMC4OGfXYCiVwEDCnqOS/qeqJeqg/kIJMdnCvqDJt6WEV9vB5dhEuFBxJv
BTJ+6gvVmVtAXELbVgcFx/14k0buGNN8elkLGKGVVwTXBfn7Ifd4RFmDfyiw0/YQ
GdL1zOh0k2f+M+jPv5Wuu6pKGv9MpKvg6y4JhBgHfufcfqHgXzs6F8xs56AyG32K
fcaVtkHq3Vf9KiBOZ1eR4Ty2tFw5y/qu461HwRqTyLZ1Z75sFVIghYOCLuDtRwm5
et9hdAaXUxACYQLZn1TxIMcNIsIzhzNUiCMkCzlvPcpeScxTLsES1o4K0t/It9GS
x9jAYynO/9YeuMYFxp+Pfr9GBQX/xZVeJkirRvBet0A1wVjADeMLB8ZB/08Z/5K5
eswjG6FvAh/dgSDf3y0DFB/VLDWSHOQ1z8Vhmbhi4ePg+q6SCwF7DIlhtjvjqTGV
pfmof9hY1qs857gclPFkqSY08KnewwtRgXV6CiiGei8pzn7WHt/U0lBXBLcnhp7p
edEgfv0sBMB8VPvuq+StxTGK2cjo4xSnGyEYZUKcSZCxUBviH3a622bHjKGWLGBx
ii0oRqhyidNksNizPsE7QlZlcfvpZOioe5x6hWw0JDo17Fw8Vdy/0TQVUsPLVbYf
JG2TCrM5V61bQZaipdgf5N+f6MstGhn88/PV3hRhrN7EqGq2zWce0p10qVuj4PBo
2wSwoIC2dzlE9ytGNNmszdoS2s4IWk5E9AIFYzWgsgnQsvQ6cQim0Ro813NjyDgn
tAu1dN6FKLXKlAtOdAzxu7fdbcw4LrHqMM1T9gOw58belB6HQ9FenJM4aQ8vPWy5
qwOKwBwusHHr3kzuGdBzjuRfExuIeTf3sKAkEKNnuZQx8Yul5z1sCOtk0twWr9Yv
Qo8GFGJikx1X0TSIaOvb8KLBzYlmOjF/aztRMoHAmjEm6lXOdXGKi9dZT/p5voyA
mYXAhyq34WQ69H3F5R+C3rpVNqSrK8KdrQ5vzWKQ7V5rKRPdvmCGngrAG1sK32yS
U/91Us2Ua1NcKVmskdSYmyZ2AWKK3VwYqS90mwMt+RbQsvQ6cQim0Ro813NjyDgn
fs1Fkss+OtVEUNbTQsL0rxaIpvuFRIpLR0lsUdp63M8c0J31fgXa8SdtrGsm9F3h
I1scWFfSaQifFH2cj21h2XJMi1kStoN1RkOufgDj42GsOCHW1sSKzVLJJZ7c1dPa
WzbGnIDMdUfWGGyo+Hfji/HQQxCzIwtxoWRwYyWQdeN2kIsOZYhWzDz95bDtrIfx
59c0TD9e32nsnXC0LTcWl9aP+2eH8h8MTMqIHq6mpNmprnK3JSIkzgp5vA3hMnlC
BDmz6q3JVA1h+GiM7rOc7p7Ac0x+KcnXYIAnF0XpOFMQNitEBwIJxrXOOrgJfvA2
LgdJ5T7InsUYnuQB9K+SMQ3862Hw1ZInWFcjmCV3ZYSfWEWer1vidbL6gxB3w6GB
g5HUav1OO7uAqokL98NDuEDQXIgkD2pBKuEwDiu4ZtM6RLi/gvy1C/4EM65qTafi
ewRYwHZPC23/qfN8ljRjFBhPvSQZg07dWrGVptGNrYu1f+Xi61s7Y7jLtO4QEIIV
pG78fol7zosC70f3jDPBjthLojyqa8WKBTZ5b09dRv9xwM0wiWV+G0+XPk/yHrxu
TUkDYpnwNr9ajvvu/XhvpcEnsFj4FR/v5z+fN2n0Ul+JL1Ai6NyWujzMliwhin1f
vSs0WA52g0Xdr5OLxnEKnrqs/DOmWxkrptYtJ1LxZzL5r88eOCnXiDdHGeos7koL
JukaZH55qEZkkP9gAZbbq9b3+xvkokeivgHbhCS65ouBwh1sEBTTRmFg2YMoYi6E
pNY6NWkmsGkqJV22N8EQ7PFjrH0Sjk16bIcKh142fAlrKRPdvmCGngrAG1sK32yS
dn1hj8F7OaoWWg+ZG95T3oh9yZrQup78LFAbjgmTaVfkg3yNOTLJPS5a8p1p2meb
qsWv47AkTfa7QjMRehyp6uRfExuIeTf3sKAkEKNnuZQt8cl/d9qdOgO65+MMzQpb
Y2n4PJdFXCCjNLWzTOWo0y6q2hRaZ/MaELU6jglnIsW0FhgqdP8XIHJmFb8KT5yS
fTA0mhs4c485XA48qMSmTQLNdrilpL3RX1HZ31L1kRmOJb0IBOJsO4dkm03kyNMT
rAVwmA5F4tSc++QHaXCDV0KPBhRiYpMdV9E0iGjr2/Ciwc2JZjoxf2s7UTKBwJox
gtbeFUTwVg69LFW+WhG+5JmFwIcqt+FkOvR9xeUfgt6tRnuNS3xlIU8g0flwrnop
aykT3b5ghp4KwBtbCt9sksxmJ6Mf2D4M9pAEv1kU7Z/U/EZvGwIsNUE98eyKDcUj
0LL0OnEIptEaPNdzY8g4J0vHgfiET70pfgkUK6HX8/kWiKb7hUSKS0dJbFHaetzP
HNCd9X4F2vEnbaxrJvRd4VtrrLll8I9XEJGCgPXk+L5yTItZEraDdUZDrn4A4+Nh
aMwewMls7Tv3pWuS40zMr1s2xpyAzHVH1hhsqPh344tyJH+tYz1oMX0xPVlTgkt9
dpCLDmWIVsw8/eWw7ayH8efXNEw/Xt9p7J1wtC03Fpfut2w3CR1lSwft/+BCs4U6
qa5ytyUiJM4KebwN4TJ5Qn1jBnyECJOGHEx7mPVnwVuewHNMfinJ12CAJxdF6ThT
EDYrRAcCCca1zjq4CX7wNs8Hs8NcwwxTaFSI2oJp/BAN/Oth8NWSJ1hXI5gld2WE
GxGNEKiY03dT7gVETXb8vWOvtUGAt5VJ22nbG3/xzg+buH9V18l6EYdGmstIwg5t
BAECJn4DcSwvfngREBJDdXsEWMB2Twtt/6nzfJY0YxR/Nivri1aDKICmXmsMIbtR
tX/l4utbO2O4y7TuEBCCFaRu/H6Je86LAu9H94wzwY7eFMyUIWjwQcdHt/UqNCpr
ccDNMIllfhtPlz5P8h68bsU6nzXl/DmfZAtw3eha2qfBJ7BY+BUf7+c/nzdp9FJf
iS9QIujclro8zJYsIYp9X4adywYQooCRgOz52rrr5ee6rPwzplsZK6bWLSdS8Wcy
QZuLrSq4IGJRjaPoMUk/vibpGmR+eahGZJD/YAGW26vBRWVm+JF84I/6qWNNZXVz
idfxGlmLgcobztoOqGfX/KTWOjVpJrBpKiVdtjfBEOybb/Kwt8sc8pmJR5yyXtok
aykT3b5ghp4KwBtbCt9sknZ9YY/BezmqFloPmRveU95Yb0cUHwB/DTzhhPIOk61N
5IN8jTkyyT0uWvKdadpnm7zA7+QdHBNagFShkUQ0M4EJpsayeH0BQQP4tZq6RkhF
4FqgSCm2aJMDA/bv8aXztyBBEdRXt4CejhrQZYPjesc0/xU2IM6E8UmYT2DbUXJj
mFdicOPR1olh7fLiVc3Xn/HMYBfhR9Z5LKhd5BIjhjgD9XJGsfmXxEzGJCee31LW
PTdrX7FSdyoh4kn0Uk05RIOfMMs+ozJ+lyw2099ZBNZafrzhM3CBOBobhnCUyTra
oQUegOYfjou+w8LNlwCbXNhSMMQ1OUP8HHQKhRqDua+JnajR52ZKebaL8HPCr04A
n0ZLOniv+hsje40fTllykYXe6/dHgD2W4HcEv1TPShrdeUF78H6zhqi+qLOOjIFf
uMPuEP4zX012t76PwbkCJQmU41lidjM+lDxdmDPQrrjh0vU916m8qOLZVzAOCBOd
p4HEwagVtEzVr/brJ7NWCp25p9zn6xbdC7cZ9VlJkIfqtRmU1GnMOL8IgE5kDhOY
hF6XoUfRtGEiPODUCwKvsLU4eYXIHfI2JkJbfupwSnmYz4w5oKsulyu5+Py9MrLQ
p6a72EGc1dvw8ll7dCTyLaUd4zZng+CQNq5M+33DINNNzTcrN7CJyYYz3CLENyWr
9/KLvIEdNL9NQf6xj2ZrF6mhJob/Nhwr5G946k+lJTaEU17NPTnt1h+eLltaLm1p
5MlG0XdcvUDjr5aryu4guybpGmR+eahGZJD/YAGW26uTXp8++/Ff7ZlEMtXfAH1X
ApHxpyMBmOTt9zsgiOvFuJ/TgZadDKRvjcKPp/oMjS9SSabfZZlLMYB2z8ZhDN4/
mZDwHDsAh0WooLWJHMXkpnYHyFGPvTF+c6VQ4toRkQm6ikFM/wqlJeBrxOTKfPPM
B0cI22OTxYPR4mL1YsAZ3Ukz/SucvWVo2CTvOg3QjUV2kIsOZYhWzDz95bDtrIfx
O3LZCTijOet11xitHDKjVe5DA3pObyOzeSllxqvacVy0He318wInJe7I9ae00QPf
DaiUMBRfeyKWDP2/CCdlqfHMYBfhR9Z5LKhd5BIjhjhpNaIf0AaTd07huhbVEp/W
4oxZTxPPgak4hFc64qZ3XXc3xSCVGRbVuVHKBMSAyenDce5/8xjNrJ6osz+dTXLo
VlsYpMMQ9WFLYWW0gmvCac0qbSskxa8Xis5IucuLTABROt2gpYMcdXjf4unxIoZQ
AMTO1YtOX5Eo1fV/xeUSUcTxTzaKPfyMp28V3fOPtV61f+Xi61s7Y7jLtO4QEIIV
P1nFpNXRNZrwuTQNRPHl/Hv2qPZPpCbaX9DP61w5bc5EGMlf/feKhZWBzM80nqP+
F6PR8VXNLoA6ptK4BXTMeKaLXtV2mO1QWu5yLQaZmuJ5zWld/HN+9702u4j21lTu
yh/hgD4VE3PKVdhoPBlbuI3nkIRn76vSOMpHIoFFB9/is/H9zOVnKBMdHo3dL8A3
Qo8GFGJikx1X0TSIaOvb8KLBzYlmOjF/aztRMoHAmjELKS2klzZB5MxHSJAb3rat
mYXAhyq34WQ69H3F5R+C3ivHpKwQE08CrglswkOhyGNrKRPdvmCGngrAG1sK32yS
wmLwKdLXSTKAkveJGbKiHtT8Rm8bAiw1QT3x7IoNxSPQsvQ6cQim0Ro813NjyDgn
3pxU8qKgQUevP8/9w70O/RaIpvuFRIpLR0lsUdp63M8c0J31fgXa8SdtrGsm9F3h
nY+22Za/yhS0hi7lC6c6LXJMi1kStoN1RkOufgDj42G/sEPBLDgQXXYF+sisyZ1d
WzbGnIDMdUfWGGyo+Hfji4/iDeItFN5n2TPyvxRtOy12kIsOZYhWzDz95bDtrIfx
59c0TD9e32nsnXC0LTcWl5eAxzt+BCdrmDKk8DN1fxyprnK3JSIkzgp5vA3hMnlC
wEH2mqZrUzzNeuc+LhD9lZ7Ac0x+KcnXYIAnF0XpOFMQNitEBwIJxrXOOrgJfvA2
qopUuj12NwTAaziXB1kd2Q3862Hw1ZInWFcjmCV3ZYRqeHOdqmpXnKg3B9/5tjHl
CZTjWWJ2Mz6UPF2YM9CuuN29Q9obsyGdntSn/th7uwMEAQImfgNxLC9+eBEQEkN1
ewRYwHZPC23/qfN8ljRjFH5UyOznW5ibb4+3vH2YxwC1f+Xi61s7Y7jLtO4QEIIV
pG78fol7zosC70f3jDPBjqHz3d1Zx/bDR2ZbERvKB9FxwM0wiWV+G0+XPk/yHrxu
TfnH3p2mL+M3VbBMGnMhh8EnsFj4FR/v5z+fN2n0Ul+JL1Ai6NyWujzMliwhin1f
W8sV3gaRYcLanOUAyc6Kcbqs/DOmWxkrptYtJ1LxZzLVXIEEfho48dIQoRJDmn+J
JukaZH55qEZkkP9gAZbbq+GyrYdgqX1+68itttzfe3+J1/EaWYuByhvO2g6oZ9f8
pNY6NWkmsGkqJV22N8EQ7BJzS7OPpH/xUJ4t4rm8cxxrKRPdvmCGngrAG1sK32yS
dn1hj8F7OaoWWg+ZG95T3nYuVXjH7fbLxqyav2j6KLnkg3yNOTLJPS5a8p1p2meb
gDhSqb0G6Eu+qcY5tOFIzQmmxrJ4fQFBA/i1mrpGSEXgWqBIKbZokwMD9u/xpfO3
zsRxHa+UhgDIYgZ2Ct8k3DT/FTYgzoTxSZhPYNtRcmNse/oBmekrrfELNiukueCS
8cxgF+FH1nksqF3kEiOGOG5Co+2Rm0G5Xs3kabC9dNM9N2tfsVJ3KiHiSfRSTTlE
g58wyz6jMn6XLDbT31kE1hrf77unw9BbCEZRpgRhvj2hBR6A5h+Oi77Dws2XAJtc
2FIwxDU5Q/wcdAqFGoO5r/THP71wfIFJrJ2qoRi2Mr+fRks6eK/6GyN7jR9OWXKR
O14AzflVubG5OkrKRVx8Od15QXvwfrOGqL6os46MgV+LaRM1bjPa1FMBLC1oRQI8
ovgK04hGhJxIgHtwajRpjuHS9T3Xqbyo4tlXMA4IE53pqdr020+J2bxkOfxhucmh
nbmn3OfrFt0Ltxn1WUmQh9IdiXjQdNpdSS+6NaQ6TRWEXpehR9G0YSI84NQLAq+w
tTh5hcgd8jYmQlt+6nBKebjqmYSTXvZsrQsnuWqwICKnprvYQZzV2/DyWXt0JPIt
pR3jNmeD4JA2rkz7fcMg09iqfw1E9rtvPZXSvDova0oMgGlUVGvqcTbCmuoHD2G5
lbQe2pfv2ICSP/dJgSaSAIRTXs09Oe3WH54uW1oubWnTP7qZE4nZq94GTLBxR0Vd
JukaZH55qEZkkP9gAZbbq5Nenz778V/tmUQy1d8AfVc0x3yv4OypccYVyyZkrsOf
n9OBlp0MpG+Nwo+n+gyNL5rGM7oELu2K6YofWJ3MKGGZkPAcOwCHRaigtYkcxeSm
dgfIUY+9MX5zpVDi2hGRCYMhT1djJT7YrgcSzrfB6T4HRwjbY5PFg9HiYvViwBnd
mcccvkgaFKtGoa9wiN+0c3aQiw5liFbMPP3lsO2sh/EkRZ6nb3/ibc2/5I7KNrN0
7kMDek5vI7N5KWXGq9pxXLQd7fXzAicl7sj1p7TRA9+XVWo9cw1HhIzHso2gmycw
8cxgF+FH1nksqF3kEiOGOGk1oh/QBpN3TuG6FtUSn9Ylo0vK7SORTAWxHUidlp63
dzfFIJUZFtW5UcoExIDJ6YigjKJ9wmPJJUDUkyDwfytWWxikwxD1YUthZbSCa8Jp
zSptKyTFrxeKzki5y4tMAOL6TQj8KLhnYfzxq9PIgwEAxM7Vi05fkSjV9X/F5RJR
kcEcbIlUc1EwC7rR82/3rbV/5eLrWztjuMu07hAQghVFnwGj3oCnqxv25QmfS3nc
e/ao9k+kJtpf0M/rXDltzkQYyV/994qFlYHMzzSeo/6w/Im1pRKcECnwO1YC0Qaz
pote1XaY7VBa7nItBpma4nnNaV38c373vTa7iPbWVO5CtebP9M8vMVUSXN1/dsVf
jeeQhGfvq9I4ykcigUUH3xj7TZ0CLhmByMI2intdUOBCjwYUYmKTHVfRNIho69vw
osHNiWY6MX9rO1EygcCaMYQoLd8Wo/GIQysCVzv2PReZhcCHKrfhZDr0fcXlH4Le
8lemDJ9OZEQA2teDGwWdoWspE92+YIaeCsAbWwrfbJI8X/2dGRCkp9z9w8k1w6U6
1PxGbxsCLDVBPfHsig3FI9Cy9DpxCKbRGjzXc2PIOCeJ6b9JCkLdlwFjSzjDIhrz
Foim+4VEiktHSWxR2nrczxzQnfV+BdrxJ22sayb0XeG5FSomgauiitrmkz2Bb9z4
ckyLWRK2g3VGQ65+AOPjYUQ9/1D0RArKcMFg8dFBAMlbNsacgMx1R9YYbKj4d+OL
fLj/bs76XPty3IJRnYJgKnaQiw5liFbMPP3lsO2sh/Hn1zRMP17faeydcLQtNxaX
Kkrdo1CV0JD39XP8k5HYP6mucrclIiTOCnm8DeEyeUIQ09GMotUVga8g2r3uqb8I
nsBzTH4pyddggCcXRek4UxA2K0QHAgnGtc46uAl+8DYyFF5luBMHQC1OKNPFAMZA
DfzrYfDVkidYVyOYJXdlhCuyM5d3LktuCpvG3mvQAcSi+ArTiEaEnEiAe3BqNGmO
uD9ykSWXjGebGdV7BPz73gQBAiZ+A3EsL354ERASQ3V7BFjAdk8Lbf+p83yWNGMU
X/M+H41vchpWZ0lXqe7UmbV/5eLrWztjuMu07hAQghWkbvx+iXvOiwLvR/eMM8GO
dOrABSHzsNlAqT2JwRurh3HAzTCJZX4bT5c+T/IevG7uRqKHGKURloDIfPIySsuY
wSewWPgVH+/nP583afRSX4kvUCLo3Ja6PMyWLCGKfV9hMHZW+uxrDg8Vcli/8k7+
uqz8M6ZbGSum1i0nUvFnMkAWBWAfyhmXTPL6S1wfb50m6RpkfnmoRmSQ/2ABltur
92qZW5ZA/05ShKSQGS4mYInX8RpZi4HKG87aDqhn1/yk1jo1aSawaSolXbY3wRDs
rJWxboF7VU75UP9pzYhZZWspE92+YIaeCsAbWwrfbJJ2fWGPwXs5qhZaD5kb3lPe
uyDkxwjxeUZz9dHQaVt6V+SDfI05Msk9LlrynWnaZ5uDvydSL0XkR9fnYND3UlVY
CabGsnh9AUED+LWaukZIReBaoEgptmiTAwP27/Gl87cmSAIbDwTDZQSuBNfbNord
NP8VNiDOhPFJmE9g21FyY114BkihxjdZpHzKh4ELP9PxzGAX4UfWeSyoXeQSI4Y4
DEi2d0uek1j22Zn75d4cFz03a1+xUncqIeJJ9FJNOUSDnzDLPqMyfpcsNtPfWQTW
3JtxAeMcjhYLi0O6Lz8b9KEFHoDmH46LvsPCzZcAm1zYUjDENTlD/Bx0CoUag7mv
/R2EcqzWGiZjZnnXVyhQ3p9GSzp4r/obI3uNH05ZcpGDkyVzcQ2JqcbkkvedkT94
3XlBe/B+s4aovqizjoyBX4bIQGKClFkH4lWZxcrRoKtYjhYLz7C1aek5/gdjvxZi
4dL1PdepvKji2VcwDggTnXhiwEvZMXqLREh5AUeYnuuduafc5+sW3Qu3GfVZSZCH
YCE1fssoe7fL6WbYJLgIh4Rel6FH0bRhIjzg1AsCr7C1OHmFyB3yNiZCW37qcEp5
g2yNsR/7zQG2v/v6T4YokKemu9hBnNXb8PJZe3Qk8i2lHeM2Z4PgkDauTPt9wyDT
DLJRxAjpC5FmVvJ1mJJzTSYNE8W/G9z/H1E6bwTZCrG52r7vbFQi9jeRS0AvF5hO
hFNezT057dYfni5bWi5taWDuYCtEGpk5Ygh9RtRvNrsm6RpkfnmoRmSQ/2ABltur
k16fPvvxX+2ZRDLV3wB9V/xESCcIoxZ9VFu7PpQdkGuf04GWnQykb43Cj6f6DI0v
GIxYxZB7jd2p9WKcO+IUhZmQ8Bw7AIdFqKC1iRzF5KZ2B8hRj70xfnOlUOLaEZEJ
rMgiLomiSfsqpmQYgy/jrQdHCNtjk8WD0eJi9WLAGd3lDsA+xIbHNHc60FdSA02i
dpCLDmWIVsw8/eWw7ayH8e/2gMNWHPCQG7XfALJ79LPuQwN6Tm8js3kpZcar2nFc
tB3t9fMCJyXuyPWntNED31ZHh55IAeQnPdhSAPVAN3TxzGAX4UfWeSyoXeQSI4Y4
aTWiH9AGk3dO4boW1RKf1pXIZflOX3tv04zPavt/F1F3N8UglRkW1blRygTEgMnp
Zm+Ds7M3CTMw4JvTkiz8/lZbGKTDEPVhS2FltIJrwmnNKm0rJMWvF4rOSLnLi0wA
GTihHcIVHMrV7oQ8oD6x2ADEztWLTl+RKNX1f8XlElFK9Vlyaar4NKCMR0kPyiuO
tX/l4utbO2O4y7TuEBCCFe3BbZxvOgmFDgPyo8JbaaF79qj2T6Qm2l/Qz+tcOW3O
RBjJX/33ioWVgczPNJ6j/hpAfKkV4vGnkUw2PKfXqcSmi17VdpjtUFruci0GmZri
ec1pXfxzfve9NruI9tZU7lWitkvUnTn5X0ObGhaauueN55CEZ++r0jjKRyKBRQff
vv5HNGUQF8YSplOyMGTJ00KPBhRiYpMdV9E0iGjr2/Ciwc2JZjoxf2s7UTKBwJox
COJX9/5jhPZdwG7huhy7BZmFwIcqt+FkOvR9xeUfgt6/EisxGQeT/mu/hlNhftlL
aykT3b5ghp4KwBtbCt9skj39eu0SlNV8oaPxz1fIUDDU/EZvGwIsNUE98eyKDcUj
0LL0OnEIptEaPNdzY8g4J7aD+e0BAPhZsV5990lOd2sWiKb7hUSKS0dJbFHaetzP
HNCd9X4F2vEnbaxrJvRd4YGMx/Pi1W4y7ejd40FYZw1yTItZEraDdUZDrn4A4+Nh
YsK05qllv6Q52P1tXGuy51s2xpyAzHVH1hhsqPh344tRa+ynTK4JyQbwk8oHlD0T
dpCLDmWIVsw8/eWw7ayH8efXNEw/Xt9p7J1wtC03FpcT7XPVl9/5xu09ug8a0ml+
qa5ytyUiJM4KebwN4TJ5QmoRXSzXRsNblmfC6dy//KOewHNMfinJ12CAJxdF6ThT
EDYrRAcCCca1zjq4CX7wNiKQQGbhHXsezs0DGj4Gn4AN/Oth8NWSJ1hXI5gld2WE
UvTQStgPUiVF8qZMtVb3OFiOFgvPsLVp6Tn+B2O/FmJrrstGKdUfhR4z8Ww+ynse
BAECJn4DcSwvfngREBJDdXsEWMB2Twtt/6nzfJY0YxQ+0a0DCe6cTlBq/Mboo3pO
tX/l4utbO2O4y7TuEBCCFaRu/H6Je86LAu9H94wzwY7GUtb7zSHujQ1Xq15VLo8m
ccDNMIllfhtPlz5P8h68buhRKMk9wsAZfunMMXpgBq/BJ7BY+BUf7+c/nzdp9FJf
iS9QIujclro8zJYsIYp9X7zK/hG95x7R7iuc6raFD9C6rPwzplsZK6bWLSdS8Wcy
Q/ykX+iBwbrAgkVZC8KKRSbpGmR+eahGZJD/YAGW26sE1FlkciCKL48k9vkfOj9d
idfxGlmLgcobztoOqGfX/KTWOjVpJrBpKiVdtjfBEOxZeFyfK4FCpWOfu/8x+Dbl
aykT3b5ghp4KwBtbCt9sknZ9YY/BezmqFloPmRveU97yQ0jb8iorEB3dvewXahv4
5IN8jTkyyT0uWvKdadpnm/X0Bll8OzSI5rIQG2uynVMJpsayeH0BQQP4tZq6RkhF
4FqgSCm2aJMDA/bv8aXzt96nuAKZ5gliO1wz3n2Pcd40/xU2IM6E8UmYT2DbUXJj
w3+gOTM39Ok+F90Chk/xsPHMYBfhR9Z5LKhd5BIjhjjekXZRxL0O1XULfoLFlL02
PTdrX7FSdyoh4kn0Uk05RIOfMMs+ozJ+lyw2099ZBNamewpsjcZ6d6BCn5uPF07M
oQUegOYfjou+w8LNlwCbXNhSMMQ1OUP8HHQKhRqDua9xUlHC0BpAQvTkoW5xXq+8
n0ZLOniv+hsje40fTllykcChs20SMbLjN3Up8cFPwFvdeUF78H6zhqi+qLOOjIFf
7qaIhH6URfdiw0lpgfR2SYOR1Gr9Tju7gKqJC/fDQ7jh0vU916m8qOLZVzAOCBOd
Wn+SlOPlZFHSkzODbd8kjJ25p9zn6xbdC7cZ9VlJkIfVMqdTyW25D37JHgJhq0s3
hF6XoUfRtGEiPODUCwKvsLU4eYXIHfI2JkJbfupwSnlJfBDhnJ7nymNGjZK7svOR
p6a72EGc1dvw8ll7dCTyLaUd4zZng+CQNq5M+33DINNEX2MdaB/OfpcgSBGZnqdE
tttKQM22ZmMG2TEIGPMdozjJPRx1HZ1IFl+37J/JrpGEU17NPTnt1h+eLltaLm1p
EyOR8b1At/XL3342OVREnSbpGmR+eahGZJD/YAGW26uTXp8++/Ff7ZlEMtXfAH1X
wCZVOwpvhXf3oh04YqxIV5/TgZadDKRvjcKPp/oMjS++YEi5aaIZJ7ePFalTVwjQ
mZDwHDsAh0WooLWJHMXkpnYHyFGPvTF+c6VQ4toRkQkLppc+MFbW+fRtA82Qiqgt
B0cI22OTxYPR4mL1YsAZ3dwHhbJ7hOQxD7dDiA3r35V2kIsOZYhWzDz95bDtrIfx
yAsg5nu0+0gfy4HpUKdwn+5DA3pObyOzeSllxqvacVy0He318wInJe7I9ae00QPf
bGAJiHEl1Dn7mXVRfNYppvHMYBfhR9Z5LKhd5BIjhjhpNaIf0AaTd07huhbVEp/W
uRgH1j1s21P/xTiOXHv9AXc3xSCVGRbVuVHKBMSAyekZgMar52stxbKQRaTMOPeh
VlsYpMMQ9WFLYWW0gmvCac0qbSskxa8Xis5IucuLTAAO09xuwV+4NFMzcPqZdyR0
AMTO1YtOX5Eo1fV/xeUSUT2f0rdFUsnlfulL5mlJrDu1f+Xi61s7Y7jLtO4QEIIV
s8tNCHnY/MOXzROvqHZOtXv2qPZPpCbaX9DP61w5bc5EGMlf/feKhZWBzM80nqP+
Wq94lKKW4FX6FSUqdQMaoqaLXtV2mO1QWu5yLQaZmuJ5zWld/HN+9702u4j21lTu
KkDZfoyXEWw0gH4i/xMRbY3nkIRn76vSOMpHIoFFB9/v2pw2oJnzQrQNgqjEGgJt
Qo8GFGJikx1X0TSIaOvb8KLBzYlmOjF/aztRMoHAmjFcVtkrwL90ymRDO5a/RUeC
mYXAhyq34WQ69H3F5R+C3mOIPQVUHW5qK5GyL/jJO6FrKRPdvmCGngrAG1sK32yS
0UKwLhvEEyDwsuTMNl8gQtT8Rm8bAiw1QT3x7IoNxSPQsvQ6cQim0Ro813NjyDgn
k0UIPb9CURboefpinQlcThaIpvuFRIpLR0lsUdp63M8c0J31fgXa8SdtrGsm9F3h
8jCg4hJdFwZnE4D5p2lM/3JMi1kStoN1RkOufgDj42FJlfGoQ/L0OX2Ditmm45+m
WzbGnIDMdUfWGGyo+Hfji03yD8IknB5NcZnI07r/qRx2kIsOZYhWzDz95bDtrIfx
59c0TD9e32nsnXC0LTcWl69oHRXpUDZRNvVLZ+szNiGprnK3JSIkzgp5vA3hMnlC
vZnW9aDpxGTkB3Kzr0xEOJ7Ac0x+KcnXYIAnF0XpOFMQNitEBwIJxrXOOrgJfvA2
IFGeTb2VKO+N7olsUxWoag3862Hw1ZInWFcjmCV3ZYS665DSdznMBOTfeO70hdF2
g5HUav1OO7uAqokL98NDuFoYMElEm4OH58m1xOQ4w8EEAQImfgNxLC9+eBEQEkN1
ewRYwHZPC23/qfN8ljRjFM/mivqerabP3MR6rGC/spW1f+Xi61s7Y7jLtO4QEIIV
pG78fol7zosC70f3jDPBjn7rqJzTkGuygz1+di4OxvxxwM0wiWV+G0+XPk/yHrxu
Xj/SLsZNjlaMRPxMjqIB0sEnsFj4FR/v5z+fN2n0Ul+JL1Ai6NyWujzMliwhin1f
g76+B74fOqoZyS/t7efvmLqs/DOmWxkrptYtJ1LxZzKf4SS3kgZbJMq6DBERFEZE
JukaZH55qEZkkP9gAZbbq67FIiqh9iBUPHA5+7yrJxqJ1/EaWYuByhvO2g6oZ9f8
pNY6NWkmsGkqJV22N8EQ7Do5NxGmPkgNpC7r5W+G9sprKRPdvmCGngrAG1sK32yS
dn1hj8F7OaoWWg+ZG95T3gfOXQGZ4YcbaPo0KB1WIaXkg3yNOTLJPS5a8p1p2meb
hEO0N9vrziLsYYrJhI1geQmmxrJ4fQFBA/i1mrpGSEXgWqBIKbZokwMD9u/xpfO3
OoKgkAvMKyLEbj14YQQAeDT/FTYgzoTxSZhPYNtRcmPmVPkpqCqbQtElRy95Zrjx
8cxgF+FH1nksqF3kEiOGOCRAOIheFvAko3JhDI0LA4M9N2tfsVJ3KiHiSfRSTTlE
g58wyz6jMn6XLDbT31kE1mhsCH47fPRquIjKq3FDqVahBR6A5h+Oi77Dws2XAJtc
2FIwxDU5Q/wcdAqFGoO5rzNqTTwrQMLDXDe3h97Q1QifRks6eK/6GyN7jR9OWXKR
5VJVQWJojXDNEEOODFD2jt15QXvwfrOGqL6os46MgV+9wKmkt7eunmYO/VzdcJIP
Y6+1QYC3lUnbadsbf/HOD+HS9T3Xqbyo4tlXMA4IE52retKhdhEqfGk022Xc5o5o
nbmn3OfrFt0Ltxn1WUmQh0vWGuBrRUFXxZq/iWh1OdeEXpehR9G0YSI84NQLAq+w
tTh5hcgd8jYmQlt+6nBKefNx9XMbNaUosICUoh71A+unprvYQZzV2/DyWXt0JPIt
h/K8r95nH4jS7YHgPr9XE2AX8/yVcwPOVNdUT1aB56F9PSb5IMNPenOWUx0Wfz7o
6eridJYAHuZPLlmSDcjRx4RTXs09Oe3WH54uW1oubWkRYpC/k4mO+26H9gBJxN27
JukaZH55qEZkkP9gAZbbq5Nenz778V/tmUQy1d8AfVcTH8FYGV76IbSbJjUiQTFf
n9OBlp0MpG+Nwo+n+gyNL3Tpsy54MleltHPh8T2ip/SZkPAcOwCHRaigtYkcxeSm
dgfIUY+9MX5zpVDi2hGRCSDcpu+qX0jHcrpa2V4V1WoHRwjbY5PFg9HiYvViwBnd
MFKmgZJu/vmp6XSNuIhqPHaQiw5liFbMPP3lsO2sh/HnGLP6iErWV0vPn1KyZd9u
7kMDek5vI7N5KWXGq9pxXLQd7fXzAicl7sj1p7TRA98gDcrpmvRa09AyUlHfZELz
8cxgF+FH1nksqF3kEiOGOGk1oh/QBpN3TuG6FtUSn9ZTMA9YfbVKpI0So8WTh3S2
dzfFIJUZFtW5UcoExIDJ6dfLXHk4BBcu+ycLLimQFMxWWxikwxD1YUthZbSCa8Jp
zSptKyTFrxeKzki5y4tMAMvH5wNobyPvFEUlvpHHxgQAxM7Vi05fkSjV9X/F5RJR
3VxPIP6+yW95GsHkQQ8FVbV/5eLrWztjuMu07hAQghX2zYX6Puq7ogLZvX36PRpi
e/ao9k+kJtpf0M/rXDltzkQYyV/994qFlYHMzzSeo/40UfPa74pngOwjrd02s6rU
pote1XaY7VBa7nItBpma4nnNaV38c373vTa7iPbWVO6GkShxIO4wkuZw8EkkzC3o
jeeQhGfvq9I4ykcigUUH3zkpQiVuLpuwQCi1fiHXiz1CjwYUYmKTHVfRNIho69vw
IspnF+9I4RCzm3W3Lvf7zEdqDdv4LV6DFe/CIroKV3OZhcCHKrfhZDr0fcXlH4Le
XcJ5XVWv5wJrcGUJz+DrZGspE92+YIaeCsAbWwrfbJIkCrCYLPMfuZjoJU9hGMFw
1PxGbxsCLDVBPfHsig3FI9Cy9DpxCKbRGjzXc2PIOCe81zTWmqwj7wuZ7P+JkKs0
Foim+4VEiktHSWxR2nrczxzQnfV+BdrxJ22sayb0XeFT9Fx1c/G4bojXVQQOYVFR
51C1vFaNq0TgtFUNQLTrtZYpK98b5j8TD4rJYZgLCDVbNsacgMx1R9YYbKj4d+OL
p4wTeyovbAp/xeh8/lHJN3aQiw5liFbMPP3lsO2sh/Hn1zRMP17faeydcLQtNxaX
lO5TYeibhrAXHUScBYT5b6mucrclIiTOCnm8DeEyeUKaEOd1/sIOH9RP+nLcNWRp
nsBzTH4pyddggCcXRek4UxA2K0QHAgnGtc46uAl+8DbvRjHCPbNaS00aFG0f310E
DfzrYfDVkidYVyOYJXdlhCpMRRoRtn+UC5VLQ3EYNiFjr7VBgLeVSdtp2xt/8c4P
RJZSEWggp7d3Zc/eKE2FmwQBAiZ+A3EsL354ERASQ3V7BFjAdk8Lbf+p83yWNGMU
48FvjAG0wFxPxXLJDKvkDbV/5eLrWztjuMu07hAQghWkbvx+iXvOiwLvR/eMM8GO
T8FfgtVD5MDY919S4eb8GXHAzTCJZX4bT5c+T/IevG7zUYtUKWKsRY8sw3HjRojf
wSewWPgVH+/nP583afRSX4kvUCLo3Ja6PMyWLCGKfV8D9XVEXSKWNa7bVhjAPIAC
uqz8M6ZbGSum1i0nUvFnMusfCefYDtMcL4VuC6twglom6RpkfnmoRmSQ/2ABltur
/eeLlVQTbRdXhN0sJqXYZonX8RpZi4HKG87aDqhn1/yk1jo1aSawaSolXbY3wRDs
cyFFTO6rMOzcl/TOtwnfQ2spE92+YIaeCsAbWwrfbJJ2fWGPwXs5qhZaD5kb3lPe
aeKloReubRj1qNgn6bTyrOSDfI05Msk9LlrynWnaZ5uLnBqwD/bMnen5XOQwOY7R
CabGsnh9AUED+LWaukZIReBaoEgptmiTAwP27/Gl87fj3WosnfX/5t6uhkhg0Dl+
NP8VNiDOhPFJmE9g21FyYwPzYM2F+/Q5V1Z7VHEpnQvxzGAX4UfWeSyoXeQSI4Y4
2xRj9HJd2hzE4+pqUPWGiz03a1+xUncqIeJJ9FJNOUSDnzDLPqMyfpcsNtPfWQTW
oBYxqTgbSi2Cb6ojC6XFD6EFHoDmH46LvsPCzZcAm1zYUjDENTlD/Bx0CoUag7mv
dn4mqgss+n2fSxpWBRnDZ59GSzp4r/obI3uNH05ZcpF5ci+DZEfic3xD41YsUxDK
3XlBe/B+s4aovqizjoyBX5/x55dox7UWTQi7ukoOQmYJlONZYnYzPpQ8XZgz0K64
4dL1PdepvKji2VcwDggTne7PKOJdjz7susBUg1tirC2duafc5+sW3Qu3GfVZSZCH
S39rR6g30h0oKG5rdvMxlIRel6FH0bRhIjzg1AsCr7C1OHmFyB3yNiZCW37qcEp5
iqL79Q5IlcfAu52iNdcH16emu9hBnNXb8PJZe3Qk8i2H8ryv3mcfiNLtgeA+v1cT
GW49+B3BJ81Ts4p/W/nbb3YUttEZAIf6Z7GBMtEHfr+poSaG/zYcK+RveOpPpSU2
hFNezT057dYfni5bWi5taa4EyObXLw7zNU3zN7dKNU8m6RpkfnmoRmSQ/2ABltur
k16fPvvxX+2ZRDLV3wB9V0ZiJxv0QqaHyiGphtx3B0yf04GWnQykb43Cj6f6DI0v
MO5Rq73aVGRhyHyYMC4s15mQ8Bw7AIdFqKC1iRzF5KZ2B8hRj70xfnOlUOLaEZEJ
xxXeqc4pYWjI6R1882g3iwdHCNtjk8WD0eJi9WLAGd1x7B7yQXUYzEiWpZdtJSpo
dpCLDmWIVsw8/eWw7ayH8dzuOR6I5Y7kC3Nr37Y98YfuQwN6Tm8js3kpZcar2nFc
tB3t9fMCJyXuyPWntNED3+/F4Dc5mvzYlS9KQcoNzr7xzGAX4UfWeSyoXeQSI4Y4
aTWiH9AGk3dO4boW1RKf1hnOcStW/0MjAOaoWm5yEWh3N8UglRkW1blRygTEgMnp
vtSSO0x4aofwTpQCig4jAVZbGKTDEPVhS2FltIJrwmnNKm0rJMWvF4rOSLnLi0wA
LUgCJgcdAdA4P9Wp0G+yNwDEztWLTl+RKNX1f8XlElHDj3OlKbRIwNNHTj09H+rs
tX/l4utbO2O4y7TuEBCCFTQreBHzsLQQ2M7R2i2Ws8h79qj2T6Qm2l/Qz+tcOW3O
RBjJX/33ioWVgczPNJ6j/p88FWT+BoHXHpcSzSJ3plami17VdpjtUFruci0GmZri
ec1pXfxzfve9NruI9tZU7kBUCXxRKD1wGgBf7QMdMQmN55CEZ++r0jjKRyKBRQff
KANzv7elyVgG0aLL6NOVI0KPBhRiYpMdV9E0iGjr2/AiymcX70jhELObdbcu9/vM
xUjGlLh57NuqjNQYHvU+ppmFwIcqt+FkOvR9xeUfgt6eHT/9/UJnC+ezej3SKlrg
aykT3b5ghp4KwBtbCt9skrJhpABFyDBsDt8scbRRYEHU/EZvGwIsNUE98eyKDcUj
0LL0OnEIptEaPNdzY8g4J6DsvxjWfZtcLHw6gzyikwUWiKb7hUSKS0dJbFHaetzP
HNCd9X4F2vEnbaxrJvRd4WhLBlOqh89BniVQ2LeVjzvnULW8Vo2rROC0VQ1AtOu1
ejgFxpZnr7CmqaE4k3HCrVs2xpyAzHVH1hhsqPh344s4Vb00J8BJTSETDqYdqEY9
dpCLDmWIVsw8/eWw7ayH8efXNEw/Xt9p7J1wtC03FpepHhkiR4BVINSkoEBHJgqN
qa5ytyUiJM4KebwN4TJ5QpbE7WePjhIBmptnYUzLV8SewHNMfinJ12CAJxdF6ThT
EDYrRAcCCca1zjq4CX7wNjUfyt08K2NF77TbroGtXUYN/Oth8NWSJ1hXI5gld2WE
57NbLywE3pigfw6iKy3ligmU41lidjM+lDxdmDPQrriqdw/ttJPRQJFLv3TrdJp+
BAECJn4DcSwvfngREBJDdXsEWMB2Twtt/6nzfJY0YxQcyhnK/0t3cb7ny045gA5M
tX/l4utbO2O4y7TuEBCCFaRu/H6Je86LAu9H94wzwY5texhzVGNC6aka79LX8tF7
ccDNMIllfhtPlz5P8h68bje9LH8KyoUNyTrOpncoGzHBJ7BY+BUf7+c/nzdp9FJf
iS9QIujclro8zJYsIYp9X6CnAEodhaCS/bgXBig+ooS6rPwzplsZK6bWLSdS8Wcy
3q2EgwsEWyj+Q9Us2aqtJCbpGmR+eahGZJD/YAGW26shkFLe3dlm/t+5s8adyPTq
idfxGlmLgcobztoOqGfX/KTWOjVpJrBpKiVdtjfBEOyVpaUF1k032nXGs48PkcA4
aykT3b5ghp4KwBtbCt9sknZ9YY/BezmqFloPmRveU94JMqcieaI7uSQO29UtDXG1
5IN8jTkyyT0uWvKdadpnm8qDreE1QNt1k6KTMiymkCsJpsayeH0BQQP4tZq6RkhF
4FqgSCm2aJMDA/bv8aXzt4qBVz7/s2Vsd8XvK3r8XOg0/xU2IM6E8UmYT2DbUXJj
NAmXwoSjVYEvAgfneKABg/HMYBfhR9Z5LKhd5BIjhjhwsYtPEZZe1z8Wh7pMSPEF
PTdrX7FSdyoh4kn0Uk05RIOfMMs+ozJ+lyw2099ZBNaS0NpKB0CCWJABbBNw1x25
oQUegOYfjou+w8LNlwCbXNhSMMQ1OUP8HHQKhRqDua91tgHcZSeR4rG8EKhmi/IB
n0ZLOniv+hsje40fTllykR8kPPoz9FatrV7Me3DjjtDdeUF78H6zhqi+qLOOjIFf
vNMzdm8cKPT9xQx4eMLDpqL4CtOIRoScSIB7cGo0aY7h0vU916m8qOLZVzAOCBOd
b77H64pjmSscQwz3uXRJIp25p9zn6xbdC7cZ9VlJkIcpJL58PsOeJEzVfNhM9GJy
hF6XoUfRtGEiPODUCwKvsLU4eYXIHfI2JkJbfupwSnmKaat0jRrVCjeE5ng0lTc/
p6a72EGc1dvw8ll7dCTyLYfyvK/eZx+I0u2B4D6/VxOFJoSVbvsrWrbvv9xKFQXS
l+4bo1fybGao4fvBXM6O+ZW0HtqX79iAkj/3SYEmkgCEU17NPTnt1h+eLltaLm1p
dv3Nr/cHRoX8f0Hg26MhJibpGmR+eahGZJD/YAGW26uTXp8++/Ff7ZlEMtXfAH1X
d/HZDFBkxjpgekS/Zy9CIZ/TgZadDKRvjcKPp/oMjS8kopmMtYoMkb+O68rdq4/g
mZDwHDsAh0WooLWJHMXkpnYHyFGPvTF+c6VQ4toRkQkqGHIyXTuwskp1t85OMeR+
B0cI22OTxYPR4mL1YsAZ3acqineQdFKkTQQseMA2sK92kIsOZYhWzDz95bDtrIfx
t3zkGNdjPXl/PgbfPVDI5+5DA3pObyOzeSllxqvacVy0He318wInJe7I9ae00QPf
/JK6BpzX5JFxIKf/vid9l/HMYBfhR9Z5LKhd5BIjhjhpNaIf0AaTd07huhbVEp/W
9DUW7/7mZ60gvsNl7lHHU3c3xSCVGRbVuVHKBMSAyemaVMZ/QZVcJLer8EYtj/8Z
VlsYpMMQ9WFLYWW0gmvCac0qbSskxa8Xis5IucuLTABYLEUWTqsGa1LVaabE53Ph
AMTO1YtOX5Eo1fV/xeUSUZZKatOvntRLXv5rAgZVl5S1f+Xi61s7Y7jLtO4QEIIV
lxef9oPlaaAmtTSHCoNDTnv2qPZPpCbaX9DP61w5bc5EGMlf/feKhZWBzM80nqP+
WAAfns+rcIK2t7XOQKOpDqaLXtV2mO1QWu5yLQaZmuJ5zWld/HN+9702u4j21lTu
2SbHptl3Ot/5ZNmm1836J43nkIRn76vSOMpHIoFFB98+cB77QKvafPXesdjnijda
Qo8GFGJikx1X0TSIaOvb8CLKZxfvSOEQs5t1ty73+8yQTiccQSuD388DA5vRJlTA
mYXAhyq34WQ69H3F5R+C3ksQwWwg2X8sZnevt2MuT51rKRPdvmCGngrAG1sK32yS
WI2GyTH3E21BDC4V9HGL19T8Rm8bAiw1QT3x7IoNxSPQsvQ6cQim0Ro813NjyDgn
aYp3jVl+ijcwvMCqX5IMxhaIpvuFRIpLR0lsUdp63M8c0J31fgXa8SdtrGsm9F3h
Gz/mewXuywNqn5eDqtUv9+dQtbxWjatE4LRVDUC067VETUELCQffJCPheSlsRB48
WzbGnIDMdUfWGGyo+Hfji6ZRCuao7M8TpM91cs7+nLV2kIsOZYhWzDz95bDtrIfx
59c0TD9e32nsnXC0LTcWlxZ2v81h6SCekSuLWDo+lzaprnK3JSIkzgp5vA3hMnlC
Z75lNh+pZRncskxn3oT7J57Ac0x+KcnXYIAnF0XpOFMQNitEBwIJxrXOOrgJfvA2
676gyJSAkDbsmbkOEah13w3862Hw1ZInWFcjmCV3ZYRGTKBOYI5ApvZpv9haabjc
ovgK04hGhJxIgHtwajRpjvLgfup2W1ipwyc8mcGsmQUEAQImfgNxLC9+eBEQEkN1
ewRYwHZPC23/qfN8ljRjFAH+SZer3fUqgP80LBdIK5m1f+Xi61s7Y7jLtO4QEIIV
pG78fol7zosC70f3jDPBjudNVPXQH9DsTWjVpsaCKNZxwM0wiWV+G0+XPk/yHrxu
Blw57KlTXZVp58C2DJTCLcEnsFj4FR/v5z+fN2n0Ul+JL1Ai6NyWujzMliwhin1f
babFiTHuk1OL5M+lNqgdVLqs/DOmWxkrptYtJ1LxZzLPPYJT1kT0cQpjFvsqhoG2
JukaZH55qEZkkP9gAZbbq946N5wa7NVaZZDXBwdeTEyJ1/EaWYuByhvO2g6oZ9f8
pNY6NWkmsGkqJV22N8EQ7B2HiPitaeaAGayWimwKANdrKRPdvmCGngrAG1sK32yS
dn1hj8F7OaoWWg+ZG95T3iS+4nE4Trjnfp1TRqEp1+Lkg3yNOTLJPS5a8p1p2meb
W0hwuf5j9WZBW90T91VSiQmmxrJ4fQFBA/i1mrpGSEXgWqBIKbZokwMD9u/xpfO3
bDA/ch4y8a/JzYXSqX6SdTT/FTYgzoTxSZhPYNtRcmPjL4plvFafxUt9WlhxW7pa
8cxgF+FH1nksqF3kEiOGOEQ1G6zaJI+MQXyDDA62Fn49N2tfsVJ3KiHiSfRSTTlE
g58wyz6jMn6XLDbT31kE1odMKOm6VfHozdyr+xLdS0ShBR6A5h+Oi77Dws2XAJtc
2FIwxDU5Q/wcdAqFGoO5r1Lx6X+8LTvCU6pF+HsTE6ufRks6eK/6GyN7jR9OWXKR
tFFE/I/nvxWjuek9Y50yX915QXvwfrOGqL6os46MgV/L9P+/2Ncg8BsLepLFli/C
WI4WC8+wtWnpOf4HY78WYuHS9T3Xqbyo4tlXMA4IE53Ja4X+9CgOgFhhKAa/Or74
nbmn3OfrFt0Ltxn1WUmQh9fwcR5pVMrUU7v7UvPb7OeEXpehR9G0YSI84NQLAq+w
tTh5hcgd8jYmQlt+6nBKeU1+OL2yXy3g47kC0IC1S5+nprvYQZzV2/DyWXt0JPIt
h/K8r95nH4jS7YHgPr9XEywceCPMYx77hcCPckMog0cxMgKCefvx6r/ngWv7s2NO
udq+72xUIvY3kUtALxeYToRTXs09Oe3WH54uW1oubWkNEQ7bWWM2vrLhq2bAIfS3
JukaZH55qEZkkP9gAZbbq5Nenz778V/tmUQy1d8AfVeEoBAQKzBmehtOo6NM7qgS
n9OBlp0MpG+Nwo+n+gyNLyEGQoRLpoXj0IE4XmTzs2aZkPAcOwCHRaigtYkcxeSm
dgfIUY+9MX5zpVDi2hGRCSJK2PAFmi7S75IF9wd3OTYHRwjbY5PFg9HiYvViwBnd
xOYSCg2QoFzBtNQC8nwyLnaQiw5liFbMPP3lsO2sh/EID+gW+nxVTnmNrav2otOv
7kMDek5vI7N5KWXGq9pxXLQd7fXzAicl7sj1p7TRA99bE5MEqaFlFPV3Fc3hxKaz
8cxgF+FH1nksqF3kEiOGOGk1oh/QBpN3TuG6FtUSn9b+yXI5g1OD4/4DsyBTdUZU
dzfFIJUZFtW5UcoExIDJ6ZpeIMB9v3oOHuSd9LsvcwNWWxikwxD1YUthZbSCa8Jp
zSptKyTFrxeKzki5y4tMAMgvqaLZiss54p5zNdVUps4AxM7Vi05fkSjV9X/F5RJR
A0jLtRGTGjfqbup47hcst7V/5eLrWztjuMu07hAQghVjxWIoHHhOkW2RsRNGAIkr
e/ao9k+kJtpf0M/rXDltzkQYyV/994qFlYHMzzSeo/6mtFxjsOcWhh5oif2h/3b3
pote1XaY7VBa7nItBpma4nnNaV38c373vTa7iPbWVO4hdt+avDOySJLQUWroiwVX
3Ypw8MhDtAjeRUErf6B6ad1+p/RR+m4A0VdjWf1qxJsNH6esAkNFQkQSn+1BqVIP
AS+b1p7GybyNjjrRVe1TJmgocj1w9OBxnD5YchkkbmsOFAaQ40vhSc7ueacdgYhf
Si1vbu0TtlQb3WbRFzAole7aTDN7bUf0j26TdcaO+VRIFPJeLtznr6cb5VK3hCNU
Ekn3AAvnrhIqg5U2QccGK/NFdA3K5/lGF+X7r83GmYTcX/wSaLvxwQM3N0PkuHrG
ci12kibqfTllc11qohefNecIHklKpMnv1SOXhSjneVIzNDsaPFUgzTd4BvLdVOZp
J21868Uu/uYRuoTq2ys+SH6AYa+0nqqajME9C9AXng+fM2fH4wjfZ2ewLPB02Hu/
iTBfPjFR36BnIbqjkyA433T6zfeUHWcR13ps6uAcDBHNN5r07MkMzGoLHr7N4PJr
+gvwDBEeTjV5xiYORVq53e21FPhLLVhXTI2qzsI4UZnYi61urg98tackQtKUoKEE
jNXCsvmAm/m92rrhwGPeRimHZjv2jy7iiMIxFKApD+rLFW9SfcLwq38FI6ojo1Xd
YBrutV+cG2AZrGNVrRY1sBFLeXgkCSmrDgrGH3kW2hbZi9kZ0T2zAa0hHCg5OPeL
L71qkiqRRka/DZlreSIviPwTHM8NGrr7thfYLXck5YImkvicCXEQIw2rE2GN9VlP
zLw2ziuOvqaxz+1esmBn5Q9Uo/zkwbEcl4e67km/EGTY1Q6rxAYxBex2iOKuggHn
La7eLXbuQ4R2cvKW/etUqK8TYfbV6ADhmosRRwIOrw563Ac7czCxqFLJMlyQ8DX8
yE+gdTuUazoGGrVHTJUq7W9KXNIEoS6q/xHalWe8UWGEWI6nYAHe9BvjmGCvl/ni
44Vjte+gQavI4GPEebaCCwkEPiVep1DVvBVkCQbwedTGc3NYGXfosXQpFdG+SJw1
Q8qBrtV4ZVZ8/GCn1hYzb8MiOurJye7pJTcyWm5P2P4cupKmW1rvQE6ARRrbNKKd
TWlmdJxiCVgqKu36LULc95tY0Gm3C/ZHmkNyWhra6XsPflwy1t1qe6KLVLm/7d6L
G6H/WLKO1aeL8Xzat0zARiuh4LKpWhMnsNwvYLI/c9A63aNRzVHYNMs4feKGLE16
TwY8Ism12r2cEp4iI//xaicB67p86bSLXGv4PgvHo7wOgWovuQ3otbmGjD0EL+HF
9MqXcScuJXprOaS+KXwDUiCA4a6UxfDHRlclcehAW6h/IDYgMyKzor4aebWXXZ3c
bWa8qa2R2dlE0MNXiYXoHOgm3fOEwtGk5OIALjwPkyRsGy5Rj+/1DbXtqFihwV+I
jVceGSwxz9vQsj0GKgj3XcWiJOOdSr8SIgmvA7on587ge+e3lOo+AQ18FAzmsqUB
NeghI+HJecnUkTa/iBDP+Or2d8WkiEj0Mg/fXG3h9bfGdp0MiNSfHntTWtjNMeCp
P7jb8ADcq4DiOMbx3WTEdIGlnvhE9XSi9z4d8lfEmjvg/5tZTbSpicV0g7C69nYo
uJn1bXXPmVPMfdxVpkwWdjrzZaYt6kSodH4zb3RHyCrp9MEzORfMkLdzvC6nP2Bi
cMqipLn7rG3oRWwcKietcAgcaUoGcbzEkztVrJfVPiIFfDh20YHGmMenaNB7+1Bc
9CLo7l68o3kj7ETaNF9sN5UcZBBnU4O8W9YWhgwY2RBABOs2otn5oewB009ZBEa0
AQ06FjbkoYZBERA6L6ab0uCEZblfsUzScBgw7Fmh1Zcd9nvKpFwobLaqJgqPZROP
CwUL/x08PDHYwMo2iNn3PtJeGNGoEEWIwtnx3+azMslJJy98EKO1bhAX1L6VhOug
I84JQ4WFrX00JjQ54D8ekn2ckD3MT+PG9MZkhGf6CX5TGe9p38DpYkH21pbzx8t0
pS6GclS0KnaFVrWjB3u5kQXAuqYOSi+4cxDUP2+2vK6rQU9q2ht1+q0ZnNMkiNUw
3u1V8mKY3AAsskiFZsv/6oVuhn10nvHVFPxo8SH+IRkl43KdI7LufOqdVFwP4Dn0
lqdvpfyb198F2Tb5ExPTtkJy+UsTSU+Gl8Y1sLUpo5QbhnfwGDUZrWCUId3mye9o
EXtviveovBO/+buRkOW0l8M11L/WaRgXPvKUkwNhn3ZxFZJNQhqZ7DQXA2pMDTmZ
gGv96mHsV0y8nh1le8t+LpJCIDQCt01vpwxOA7hMRz7P653RsU13S0hEpXbovgZ/
DZHVltAHWf5wutXlqFr1ey1rycHew436G3fQQdKNN46QrNAnfc+2EmbAbCH+TD/K
d5x43zqmghNl2uCX5o7VWSOYhD/drePYEeoRVGfafbSKQYYnyZiiqU7uqccbvvAh
xLKbOGno6EH+xv3CZ1JuuWSPVfiejWwjGS/XzXCdgYK7mk9f5pjpflYX1kP84goy
g7VqwNrtPKGSPLliAhZGobop9eDPrppVAXxwYmgbOJNlSDXlpY+AWv/N++0LOP2I
QS5VZivygd1zeInK/qB0WsZ2pk5nMN+ewF02PtH8G72Ue2FlQXnZpMnqBnP931z6
dHOfxLPjd40z+meDdb0MvoUXJLXDBQBTXSwRkxP/Qf+/JuXPTmjI9tTzDPTMm1EW
/SdYrR0y2NTIll2JPs/NTYoZ4oBj/NkWqTaUeqHnvbNKwoHhNQQu2uJXH2N8q4t0
O2g/tF79YdxXXOnxG+hkOCh9qsR5HmVWQsyFdP9JRBxcrbg3J47AbDkPXaD4Dgxe
sWi1e/bVXeSoAmsi5j/K1Qf7LAg2hx6eX6YbBoKwbjmwn7/h3wXFutyx7+hSRu3q
mTP/U6MKRXykHRR0+Bu0aR4YEYA3jVVaaf15cGNs4//h5Cj2ZVDLi7MuS26Ni+s6
WvSuHegzIIyQ2Rptv9O+V+7Ck7FjRBdIRQk78JshChO6Wn5YqIgrpFsl1ZoHl7Y+
yTXnR0WdsVV1GOJXhnSkS86qLbTbx2YZwhWl+Axtf5DwaOqEZQVCtyadYupstXI+
/dskqvyTZL0ViOuZ7cHT6401LgJzNdLGKhyNBjzwcb95X7wH/oAnE6UC7c4q8EzL
VZqIAJYQeoErxt2pUVHc0sBJYvi0PA8GSjSzSZ/rFHPhr6KeO4/+Xoo0iZEEwyOn
ezFNFU22ERoIqHRQ0kvzOG55h8il7+mP+vFJuxG1hvcgqD8USSH5NybX5qidhFvt
y7HDqsXR+hlQ9XaGhzOOTD1nraZx0NlnTm3Tu8WyjyNDxLXy7HUnwF0I5T/HPWPi
tT8opPJ8OOm7MGxlr5UnrNfzYRiLsOJLzxqraAOgP7fk+3/9RK93xfa4P2kqRYf7
g8qZPUjCkofXWIrkXjWLMz/z+2jsUpYJJKUjqYaLoej/oksJd5+LRVyzYS5MBvz1
SO93ezOAf/rl0vrd62cHhT3oC7yHQcJgsPI0crRBmkwTiKKoavUh/Y290IVNhK22
i5glbeAEW/4+C6mae2GXjIpsaijbQQV1tzIkiu3CoaLozMvLdEg1maA2Q6N1pkM6
FK4lSSFQBIFWW+iRJrNtVybRdhkldDJKOoLp6IX+6URZsL7gsqy/94zNlCXUa7E4
jUH8My/qqlyLS9DikYjWPMp7gcxxaFWim0xkNGMCBPeIthiM22Tv//zqXdGOvONx
yfEDN3CVFYcWleOQw9R+czLJ4vA2QKUJR16/q4S0jljJOBk3hF3PeOAe+LDN6lys
dHOfxLPjd40z+meDdb0MvpqCrpixGL/k+Uk/dT0tHeaRiJyhdfikzGCDky7XFFIT
ROtxViaO48wup8KUXHx2uIug4zaNHKo5hLWeFmJwpqmNWtG8vxFLaguCzdSVTGdt
HEDBOConkRlB5/RQRotFKcnEiwJIjHx7WZ6kGRukr+2Tqbx46QehkeynDQPiHmJA
4djYTk7CLcCt/ghI2QokrOnwwivLk1cG71IVRyhHvm3SlR+joBtHJldpIrboFZ7K
l+OrPdPlxiiqr1f0/GaYXloN7N8nxVLD7rIbaD4lDvPspWr325ftcuXuhMuinr0G
drZNuTef6lzk0RSm0LOgnHOT0T5o8VfOmWrYcKBFydqsCIhRc0LArYvDYSwYVGFA
ZQ6tt2PFbReDj5NzBpodKeiMnN5dqcAOUAx4F/NznTuxlO9vocJnl1OkclCp8WoZ
GHG78Q23sOVpNWWHQRe1rXeKR5hCkM31RsIcIVVUDIEULsGAJkNWwtzI+5hLoRXE
WbIEfwZ2T3fDUkcdyhkPi86ncUnx8DOqK9d3z0qGXTbiThqEK4OdF97UtwVTPYUT
zpoAoTHwZcewjtX4l8lNb9+L8lemF8X6Y9tVeId6NZ9mBNvwpcjDLMcc03NXJk7+
4GJZSgaRSupbOamWHX1UXyPaiq8hLjVbOFbDiILHCCFG9pflx9VPLJ8u2/HSy46D
DAJMo58XH82HjXZeal1FQi4ZAIhRL8eH5tWHsU/gSs5qx6eGhhGwMo9sC3I1wnFc
6E5UNitzTo3bUYOVQPIejMw/foAwVyf28FQB2SeCwmayClPgGUPUB8n2SvQtoGwU
HdaN4QnfXyxkRE/HAUT20zNdEFAs83d2c/xkSg+Hc4rBJSb7TAObhzrQPY6QuncC
PKqZItHGctBZ8WfjJZtqTiTqmQ38/UQCSJGav04T7vE8pWRq2CrcfpTKC2E0mOxP
+Tu+PheFk+hjKosv9G1/JclcTYHft4rqhIOM3j2hUIciWudVS43V5x2YMEYUrFh7
g8dl16u2FZvrlrvkSfTqVAmyhLe3cmN6bFulOngJ60fPWizkW+zW9KUxuid3wado
Vm7X9MlvibFWG7K0AXxbUVg1Vkos2VjVo0QNHy+amTsKQWOdubE4PNWIdhAHLOaR
A3gjPiDbvFMMbLb5C7n87PkTyJoREWjvNBesjZBG2cP1p0uwKgqpApj/fqvEpGbJ
kYQVTbNV1NEaJ67It/6ksYH4E/N07zQkVNv2hZ/oU8KTNibxbir/6MJQZ9QQXgKQ
b3FE6q9SIY07wpR3eSYrx2PclARn09ufqq9o1jHQ+wkLC6NBhJGr66rn+4fUqgkw
UUY5WP9Sak/Z6bf/a0PD25UH67U/UkgGm5gwhjUnJFa5aer3eLhtR8o7psvmBAIt
VKa81ahQ9WxrfNfwH6Vh8ZQDfIvFiBPBnC1Z6CckQ0SYBc4yXlZreqayuz+VA34B
3HUZqXQDiBrgCDDcpdFmI/KxOj5zTChp95LeAeq/wFbQAXF8nYHOsJToS2rkbQ6i
jRdLMW5l+kZDFcA/RSWUFcRqDHioUkiJLhJOzQkv7qPDNYuAjm3kP1NSanXegv1s
Gio/ADO1+ropLfK367r6ZbuUc7Mw4dPz/tPtihSRPlRpv+nwyGkHx0M//yIxq5Tn
fYSP3WaojijB7Mrjn+yH+HgMfsv4iUheioO+hkNkapLK7DoAHST5QlyvK+/Cc0Az
MAax2XV8H9/pB2cBRAIwI8/BLkUQv9kX0vYrghN+CypJ0nFa5MAxs4hZDUrW9fyz
+EpMSwaO8CRT6h9+89C/ojZhk82+7GyKg7t8eU9DLPepc+Hm/OxMrI5g4XozOe66
jYo1ThTtAXrtnbdf1HQ48xGFxtEWIIWRx9gJOCdVge3djoH4nQhgZOPKNaAr9PGb
9It+nlchECtibffHu07brj/sJhubn5BPJFqzCM5hxqwklh0AFIVJRcnNtrbqalh0
Ztae2qmuZ3h8plfFGbwaucZwhKshdUtnm5nPo4h7OQzYmd4x2r3EkvCN3ieRxGcM
o8h0tGNWXtL5nT4+QQc02md1e3WRmiRppQIAzszm1um7PnUls8KQjNa03xciHLTs
myuYH0J/NJ4Cm2lr73nLCEf1ZE8FfliUb8I0iPrCJLWLcfXBg8XGz77eYE6f1z2N
WN4iKp8p8FYJpcE4pivKNtbO9uMS6V7YOcO/VCvx/8tiAFs7SuzJum3ijE40jGgN
Lk1SH9hyJunVRZdK93Zj0S2NkwSnfq86P/4JFZQ/ShKasxhRZQLmGwKvyj/NOYj2
RhL8DBpZmo9SNpiYKIjB5pLrgsMY526qk2EGY3hJ2DVF9UgDtOoqZpoUGetd9slu
0er/pDFWEm0lbdIKdK4DtwFT8JqV9pVcsJc1Le202t8njI3s+0bD2RY/9OesnbXm
mK8raQzJgGUDtlXRVP86DHi+MeIgh5hH7jyHrKhysIGeVEMsCW5zVunIb3xUmhwd
aW6a87SmEj18UQJx9gaMY2PXPeeD4strMMY5wp3nuikX5YN00iweONwjlMlo9FCL
xnCEqyF1S2ebmc+jiHs5DOoJAc7un7UkN4948ycatENpmZqi7zZee0XlTLiVhl5q
Pj0xeBw2KrDh+INP6JyJyO49TC4qj/Tx3TefG1uofe6Z+mo4hrNvIQ5X3g9fdGXm
r9Ukf9laVlHZBqitMY5IUWUlnfazGAJ9TYSvDm0jiBlAILoQPBMdA4+QPJU9gacR
9ke/NfLGKkixuSugABJHB1gXW+mu19uXa5Lu3VA+Ukirgo3rer/iwNySaiQpSDox
DhggUIhgt0eemxjTUhPyPJqHd/+J0X6fjQgfj7pEv08EkBFrg7wcPjTMqUxuU9I9
cfvNCQvFO5UfSJNR0SBBfAmifjU4ARBlR23nGc4V9shaQXRBg9zAvk8AEiSG3eZl
